../Core/Src/main.c:798:13:MX_GPIO_Init	56	static
../Core/Src/main.c:112:7:HAL_ADC_ConvCpltCallback	8	static
../Core/Src/main.c:117:8:adc_voltage	0	static
../Core/Src/main.c:125:7:RotaryEncoderUpdate	0	static
../Core/Src/main.c:145:7:ImpChangeState	8	static
../Core/Src/main.c:162:7:WaveformChangeState	8	static
../Core/Src/main.c:192:8:REChangeState	16	static
../Core/Src/main.c:849:6:Error_Handler	0	static,ignoring_inline_asm
../Core/Src/main.c:699:13:MX_TIM1_Init	56	static
../Core/Src/main.c:611:13:MX_I2C1_Init	8	static
../Core/Src/main.c:750:13:MX_UART4_Init	8	static
../Core/Src/main.c:659:13:MX_SPI1_Init	8	static
../Core/Src/main.c:544:13:MX_ADC1_Init	48	static
../Core/Src/main.c:499:6:SystemClock_Config	104	static
../Core/Src/main.c:348:5:main	8	static
