20:04:28 **** Incremental Build of configuration Debug for project PortableGeneratorTest ****
make -j16 all 
arm-none-eabi-gcc "../Core/Src/main.c" -mcpu=cortex-m33 -std=gnu11 -g3 -DDEBUG -DUSE_HAL_DRIVER -DSTM32L562xx -c -I../Core/Inc -I../Drivers/STM32L5xx_HAL_Driver/Inc -I../Drivers/STM32L5xx_HAL_Driver/Inc/Legacy -I../Drivers/CMSIS/Device/ST/STM32L5xx/Include -I../Drivers/CMSIS/Include -O0 -ffunction-sections -fdata-sections -Wall -fstack-usage -fcyclomatic-complexity -MMD -MP -MF"Core/Src/main.d" -MT"Core/Src/main.o" --specs=nano.specs -mfpu=fpv5-sp-d16 -mfloat-abi=hard -mthumb -o "Core/Src/main.o"
arm-none-eabi-gcc -o "PortableGeneratorTest.elf" @"objects.list"   -mcpu=cortex-m33 -T"C:\Users\grafd\STM32CubeIDE\workspace_1.13.2\PortableGeneratorTest\STM32L562CETX_FLASH.ld" --specs=nosys.specs -Wl,-Map="PortableGeneratorTest.map" -Wl,--gc-sections -static --specs=nano.specs -mfpu=fpv5-sp-d16 -mfloat-abi=hard -mthumb -Wl,--start-group -lc -lm -Wl,--end-group
Finished building target: PortableGeneratorTest.elf
 
arm-none-eabi-size  PortableGeneratorTest.elf 
arm-none-eabi-objdump -h -S PortableGeneratorTest.elf  > "PortableGeneratorTest.list"
   text	   data	    bss	    dec	    hex	filename
  29968	    116	   2428	  32512	   7f00	PortableGeneratorTest.elf
Finished building: default.size.stdout
 
Finished building: PortableGeneratorTest.list
 

20:04:29 Build Finished. 0 errors, 0 warnings. (took 1s.21ms)

