10:06:41 **** Incremental Build of configuration Debug for project PortableGenerator ****
make -j16 all 
arm-none-eabi-gcc "../Core/Src/main.c" -mcpu=cortex-m33 -std=gnu11 -g3 -DDEBUG -DUSE_HAL_DRIVER -DSTM32L562xx -c -I../Core/Inc -I../Drivers/STM32L5xx_HAL_Driver/Inc -I../Drivers/STM32L5xx_HAL_Driver/Inc/Legacy -I../Drivers/CMSIS/Device/ST/STM32L5xx/Include -I../Drivers/CMSIS/Include -Og -ffunction-sections -fdata-sections -Wall -fstack-usage -fcyclomatic-complexity -MMD -MP -MF"Core/Src/main.d" -MT"Core/Src/main.o" --specs=nano.specs -mfpu=fpv5-sp-d16 -mfloat-abi=hard -mthumb -o "Core/Src/main.o"
arm-none-eabi-gcc -o "PortableGenerator.elf" @"objects.list"   -mcpu=cortex-m33 -T"C:\Users\grafd\STM32CubeIDE\workspace_1.13.2\PortableGenerator\STM32L562CETX_FLASH.ld" --specs=nosys.specs -Wl,-Map="PortableGenerator.map" -Wl,--gc-sections -static --specs=nano.specs -mfpu=fpv5-sp-d16 -mfloat-abi=hard -mthumb -Wl,--start-group -lc -lm -Wl,--end-group
Finished building target: PortableGenerator.elf
 
arm-none-eabi-size  PortableGenerator.elf 
arm-none-eabi-objdump -h -S PortableGenerator.elf  > "PortableGenerator.list"
   text	   data	    bss	    dec	    hex	filename
  23216	    120	   2448	  25784	   64b8	PortableGenerator.elf
Finished building: default.size.stdout
 
Finished building: PortableGenerator.list
 
