../Core/Src/main.c:116:7:ToggleState	0	static
../Core/Src/main.c:522:13:MX_GPIO_Init	56	static
../Core/Src/main.c:86:8:adc_voltage	0	static
../Core/Src/main.c:97:7:HAL_TIM_IC_CaptureCallback	0	static
../Core/Src/main.c:573:6:Error_Handler	0	static,ignoring_inline_asm
../Core/Src/main.c:423:13:MX_TIM1_Init	56	static
../Core/Src/main.c:335:13:MX_I2C1_Init	8	static
../Core/Src/main.c:474:13:MX_UART4_Init	8	static
../Core/Src/main.c:383:13:MX_SPI1_Init	8	static
../Core/Src/main.c:268:13:MX_ADC1_Init	48	static
../Core/Src/main.c:223:6:SystemClock_Config	104	static
../Core/Src/main.c:111:5:main	16	static
