../Core/Src/main.c:79:7:ButtonChangeState	8	static
../Core/Src/main.c:106:5:main	24	static
../Core/Src/main.c:195:6:SystemClock_Config	104	static
../Core/Src/main.c:242:13:MX_ADC1_Init	48	static
../Core/Src/main.c:309:13:MX_I2C1_Init	8	static
../Core/Src/main.c:357:13:MX_SPI1_Init	8	static
../Core/Src/main.c:397:13:MX_TIM1_Init	56	static
../Core/Src/main.c:448:13:MX_UART4_Init	8	static
../Core/Src/main.c:496:13:MX_GPIO_Init	40	static
../Core/Src/main.c:546:6:Error_Handler	4	static,ignoring_inline_asm
