../Drivers/STM32L5xx_HAL_Driver/Src/stm32l5xx_hal_flash_ex.c:742:13:FLASH_MassErase	0	static
../Drivers/STM32L5xx_HAL_Driver/Src/stm32l5xx_hal_flash_ex.c:871:13:FLASH_OB_WRPConfig	0	static
../Drivers/STM32L5xx_HAL_Driver/Src/stm32l5xx_hal_flash_ex.c:924:13:FLASH_OB_RDPConfig	0	static
../Drivers/STM32L5xx_HAL_Driver/Src/stm32l5xx_hal_flash_ex.c:956:13:FLASH_OB_UserConfig	4	static
../Drivers/STM32L5xx_HAL_Driver/Src/stm32l5xx_hal_flash_ex.c:1255:13:FLASH_OB_BootAddrConfig	0	static
../Drivers/STM32L5xx_HAL_Driver/Src/stm32l5xx_hal_flash_ex.c:1298:13:FLASH_OB_GetWRP	0	static
../Drivers/STM32L5xx_HAL_Driver/Src/stm32l5xx_hal_flash_ex.c:1336:17:FLASH_OB_GetRDP	0	static
../Drivers/STM32L5xx_HAL_Driver/Src/stm32l5xx_hal_flash_ex.c:1363:17:FLASH_OB_GetUser	0	static
../Drivers/STM32L5xx_HAL_Driver/Src/stm32l5xx_hal_flash_ex.c:1460:13:FLASH_OB_GetBootAddr	0	static
../Drivers/STM32L5xx_HAL_Driver/Src/stm32l5xx_hal_flash_ex.c:304:19:HAL_FLASHEx_OBProgram	8	static
../Drivers/STM32L5xx_HAL_Driver/Src/stm32l5xx_hal_flash_ex.c:389:6:HAL_FLASHEx_OBGetConfig	8	static
../Drivers/STM32L5xx_HAL_Driver/Src/stm32l5xx_hal_flash_ex.c:583:6:HAL_FLASHEx_ConfigPrivMode	0	static
../Drivers/STM32L5xx_HAL_Driver/Src/stm32l5xx_hal_flash_ex.c:599:10:HAL_FLASHEx_GetPrivMode	0	static
../Drivers/STM32L5xx_HAL_Driver/Src/stm32l5xx_hal_flash_ex.c:663:19:HAL_FLASHEx_ConfigLVEPin	16	static
../Drivers/STM32L5xx_HAL_Driver/Src/stm32l5xx_hal_flash_ex.c:715:10:HAL_FLASHEx_GetLVEPin	0	static
../Drivers/STM32L5xx_HAL_Driver/Src/stm32l5xx_hal_flash_ex.c:798:6:FLASH_PageErase	0	static
../Drivers/STM32L5xx_HAL_Driver/Src/stm32l5xx_hal_flash_ex.c:168:19:HAL_FLASHEx_Erase	16	static
../Drivers/STM32L5xx_HAL_Driver/Src/stm32l5xx_hal_flash_ex.c:238:19:HAL_FLASHEx_Erase_IT	16	static
