Archive member included to satisfy reference by file (symbol)

C:/ST/STM32CubeIDE_1.13.2/STM32CubeIDE/plugins/com.st.stm32cube.ide.mcu.externaltools.gnu-tools-for-stm32.11.3.rel1.win32_1.1.100.202309141235/tools/bin/../lib/gcc/arm-none-eabi/11.3.1/../../../../arm-none-eabi/lib/thumb/v8-m.main+fp/hard\libc_nano.a(libc_a-exit.o)
                              C:/ST/STM32CubeIDE_1.13.2/STM32CubeIDE/plugins/com.st.stm32cube.ide.mcu.externaltools.gnu-tools-for-stm32.11.3.rel1.win32_1.1.100.202309141235/tools/bin/../lib/gcc/arm-none-eabi/11.3.1/../../../../arm-none-eabi/lib/thumb/v8-m.main+fp/hard/crt0.o (exit)
C:/ST/STM32CubeIDE_1.13.2/STM32CubeIDE/plugins/com.st.stm32cube.ide.mcu.externaltools.gnu-tools-for-stm32.11.3.rel1.win32_1.1.100.202309141235/tools/bin/../lib/gcc/arm-none-eabi/11.3.1/../../../../arm-none-eabi/lib/thumb/v8-m.main+fp/hard\libc_nano.a(libc_a-findfp.o)
                              C:/ST/STM32CubeIDE_1.13.2/STM32CubeIDE/plugins/com.st.stm32cube.ide.mcu.externaltools.gnu-tools-for-stm32.11.3.rel1.win32_1.1.100.202309141235/tools/bin/../lib/gcc/arm-none-eabi/11.3.1/../../../../arm-none-eabi/lib/thumb/v8-m.main+fp/hard\libc_nano.a(libc_a-exit.o) (__stdio_exit_handler)
C:/ST/STM32CubeIDE_1.13.2/STM32CubeIDE/plugins/com.st.stm32cube.ide.mcu.externaltools.gnu-tools-for-stm32.11.3.rel1.win32_1.1.100.202309141235/tools/bin/../lib/gcc/arm-none-eabi/11.3.1/../../../../arm-none-eabi/lib/thumb/v8-m.main+fp/hard\libc_nano.a(libc_a-fwalk.o)
                              C:/ST/STM32CubeIDE_1.13.2/STM32CubeIDE/plugins/com.st.stm32cube.ide.mcu.externaltools.gnu-tools-for-stm32.11.3.rel1.win32_1.1.100.202309141235/tools/bin/../lib/gcc/arm-none-eabi/11.3.1/../../../../arm-none-eabi/lib/thumb/v8-m.main+fp/hard\libc_nano.a(libc_a-findfp.o) (_fwalk_sglue)
C:/ST/STM32CubeIDE_1.13.2/STM32CubeIDE/plugins/com.st.stm32cube.ide.mcu.externaltools.gnu-tools-for-stm32.11.3.rel1.win32_1.1.100.202309141235/tools/bin/../lib/gcc/arm-none-eabi/11.3.1/../../../../arm-none-eabi/lib/thumb/v8-m.main+fp/hard\libc_nano.a(libc_a-sprintf.o)
                              ./Core/Src/main.o (sprintf)
C:/ST/STM32CubeIDE_1.13.2/STM32CubeIDE/plugins/com.st.stm32cube.ide.mcu.externaltools.gnu-tools-for-stm32.11.3.rel1.win32_1.1.100.202309141235/tools/bin/../lib/gcc/arm-none-eabi/11.3.1/../../../../arm-none-eabi/lib/thumb/v8-m.main+fp/hard\libc_nano.a(libc_a-stdio.o)
                              C:/ST/STM32CubeIDE_1.13.2/STM32CubeIDE/plugins/com.st.stm32cube.ide.mcu.externaltools.gnu-tools-for-stm32.11.3.rel1.win32_1.1.100.202309141235/tools/bin/../lib/gcc/arm-none-eabi/11.3.1/../../../../arm-none-eabi/lib/thumb/v8-m.main+fp/hard\libc_nano.a(libc_a-findfp.o) (__sread)
C:/ST/STM32CubeIDE_1.13.2/STM32CubeIDE/plugins/com.st.stm32cube.ide.mcu.externaltools.gnu-tools-for-stm32.11.3.rel1.win32_1.1.100.202309141235/tools/bin/../lib/gcc/arm-none-eabi/11.3.1/../../../../arm-none-eabi/lib/thumb/v8-m.main+fp/hard\libc_nano.a(libc_a-memset.o)
                              C:/ST/STM32CubeIDE_1.13.2/STM32CubeIDE/plugins/com.st.stm32cube.ide.mcu.externaltools.gnu-tools-for-stm32.11.3.rel1.win32_1.1.100.202309141235/tools/bin/../lib/gcc/arm-none-eabi/11.3.1/../../../../arm-none-eabi/lib/thumb/v8-m.main+fp/hard/crt0.o (memset)
C:/ST/STM32CubeIDE_1.13.2/STM32CubeIDE/plugins/com.st.stm32cube.ide.mcu.externaltools.gnu-tools-for-stm32.11.3.rel1.win32_1.1.100.202309141235/tools/bin/../lib/gcc/arm-none-eabi/11.3.1/../../../../arm-none-eabi/lib/thumb/v8-m.main+fp/hard\libc_nano.a(libc_a-closer.o)
                              C:/ST/STM32CubeIDE_1.13.2/STM32CubeIDE/plugins/com.st.stm32cube.ide.mcu.externaltools.gnu-tools-for-stm32.11.3.rel1.win32_1.1.100.202309141235/tools/bin/../lib/gcc/arm-none-eabi/11.3.1/../../../../arm-none-eabi/lib/thumb/v8-m.main+fp/hard\libc_nano.a(libc_a-stdio.o) (_close_r)
C:/ST/STM32CubeIDE_1.13.2/STM32CubeIDE/plugins/com.st.stm32cube.ide.mcu.externaltools.gnu-tools-for-stm32.11.3.rel1.win32_1.1.100.202309141235/tools/bin/../lib/gcc/arm-none-eabi/11.3.1/../../../../arm-none-eabi/lib/thumb/v8-m.main+fp/hard\libc_nano.a(libc_a-reent.o)
                              C:/ST/STM32CubeIDE_1.13.2/STM32CubeIDE/plugins/com.st.stm32cube.ide.mcu.externaltools.gnu-tools-for-stm32.11.3.rel1.win32_1.1.100.202309141235/tools/bin/../lib/gcc/arm-none-eabi/11.3.1/../../../../arm-none-eabi/lib/thumb/v8-m.main+fp/hard\libc_nano.a(libc_a-closer.o) (errno)
C:/ST/STM32CubeIDE_1.13.2/STM32CubeIDE/plugins/com.st.stm32cube.ide.mcu.externaltools.gnu-tools-for-stm32.11.3.rel1.win32_1.1.100.202309141235/tools/bin/../lib/gcc/arm-none-eabi/11.3.1/../../../../arm-none-eabi/lib/thumb/v8-m.main+fp/hard\libc_nano.a(libc_a-impure.o)
                              C:/ST/STM32CubeIDE_1.13.2/STM32CubeIDE/plugins/com.st.stm32cube.ide.mcu.externaltools.gnu-tools-for-stm32.11.3.rel1.win32_1.1.100.202309141235/tools/bin/../lib/gcc/arm-none-eabi/11.3.1/../../../../arm-none-eabi/lib/thumb/v8-m.main+fp/hard\libc_nano.a(libc_a-sprintf.o) (_impure_ptr)
[...]
Memory Configuration

Name             Origin             Length             Attributes
RAM              0x0000000020000000 0x0000000000030000 xrw
RAM2             0x0000000020030000 0x0000000000010000 xrw
FLASH            0x0000000008000000 0x0000000000080000 xr
*default*        0x0000000000000000 0xffffffffffffffff

Linker script and memory map

LOAD C:/ST/STM32CubeIDE_1.13.2/STM32CubeIDE/plugins/com.st.stm32cube.ide.mcu.externaltools.gnu-tools-for-stm32.11.3.rel1.win32_1.1.100.202309141235/tools/bin/../lib/gcc/arm-none-eabi/11.3.1/thumb/v8-m.main+fp/hard/crti.o
LOAD C:/ST/STM32CubeIDE_1.13.2/STM32CubeIDE/plugins/com.st.stm32cube.ide.mcu.externaltools.gnu-tools-for-stm32.11.3.rel1.win32_1.1.100.202309141235/tools/bin/../lib/gcc/arm-none-eabi/11.3.1/thumb/v8-m.main+fp/hard/crtbegin.o
LOAD C:/ST/STM32CubeIDE_1.13.2/STM32CubeIDE/plugins/com.st.stm32cube.ide.mcu.externaltools.gnu-tools-for-stm32.11.3.rel1.win32_1.1.100.202309141235/tools/bin/../lib/gcc/arm-none-eabi/11.3.1/../../../../arm-none-eabi/lib/thumb/v8-m.main+fp/hard/crt0.o
LOAD ./Core/Src/AD9833.o
LOAD ./Core/Src/TPL0102.o
LOAD ./Core/Src/liquidcrystal_i2c.o
LOAD ./Core/Src/main.o
LOAD ./Core/Src/stm32l5xx_hal_msp.o
LOAD ./Core/Src/stm32l5xx_it.o
LOAD ./Core/Src/syscalls.o
LOAD ./Core/Src/sysmem.o
LOAD ./Core/Src/system_stm32l5xx.o
LOAD ./Core/Startup/startup_stm32l562cetx.o
LOAD ./Drivers/STM32L5xx_HAL_Driver/Src/stm32l5xx_hal.o
LOAD ./Drivers/STM32L5xx_HAL_Driver/Src/stm32l5xx_hal_adc.o
LOAD ./Drivers/STM32L5xx_HAL_Driver/Src/stm32l5xx_hal_adc_ex.o
LOAD ./Drivers/STM32L5xx_HAL_Driver/Src/stm32l5xx_hal_cortex.o
LOAD ./Drivers/STM32L5xx_HAL_Driver/Src/stm32l5xx_hal_dma.o
LOAD ./Drivers/STM32L5xx_HAL_Driver/Src/stm32l5xx_hal_dma_ex.o
LOAD ./Drivers/STM32L5xx_HAL_Driver/Src/stm32l5xx_hal_exti.o
LOAD ./Drivers/STM32L5xx_HAL_Driver/Src/stm32l5xx_hal_flash.o
LOAD ./Drivers/STM32L5xx_HAL_Driver/Src/stm32l5xx_hal_flash_ex.o
LOAD ./Drivers/STM32L5xx_HAL_Driver/Src/stm32l5xx_hal_flash_ramfunc.o
LOAD ./Drivers/STM32L5xx_HAL_Driver/Src/stm32l5xx_hal_gpio.o
LOAD ./Drivers/STM32L5xx_HAL_Driver/Src/stm32l5xx_hal_i2c.o
LOAD ./Drivers/STM32L5xx_HAL_Driver/Src/stm32l5xx_hal_i2c_ex.o
LOAD ./Drivers/STM32L5xx_HAL_Driver/Src/stm32l5xx_hal_icache.o
LOAD ./Drivers/STM32L5xx_HAL_Driver/Src/stm32l5xx_hal_pwr.o
LOAD ./Drivers/STM32L5xx_HAL_Driver/Src/stm32l5xx_hal_pwr_ex.o
LOAD ./Drivers/STM32L5xx_HAL_Driver/Src/stm32l5xx_hal_rcc.o
LOAD ./Drivers/STM32L5xx_HAL_Driver/Src/stm32l5xx_hal_rcc_ex.o
LOAD ./Drivers/STM32L5xx_HAL_Driver/Src/stm32l5xx_hal_spi.o
LOAD ./Drivers/STM32L5xx_HAL_Driver/Src/stm32l5xx_hal_spi_ex.o
LOAD ./Drivers/STM32L5xx_HAL_Driver/Src/stm32l5xx_hal_tim.o
LOAD ./Drivers/STM32L5xx_HAL_Driver/Src/stm32l5xx_hal_tim_ex.o
LOAD ./Drivers/STM32L5xx_HAL_Driver/Src/stm32l5xx_hal_uart.o
LOAD ./Drivers/STM32L5xx_HAL_Driver/Src/stm32l5xx_hal_uart_ex.o
START GROUP
LOAD C:/ST/STM32CubeIDE_1.13.2/STM32CubeIDE/plugins/com.st.stm32cube.ide.mcu.externaltools.gnu-tools-for-stm32.11.3.rel1.win32_1.1.100.202309141235/tools/bin/../lib/gcc/arm-none-eabi/11.3.1/../../../../arm-none-eabi/lib/thumb/v8-m.main+fp/hard\libc_nano.a
LOAD C:/ST/STM32CubeIDE_1.13.2/STM32CubeIDE/plugins/com.st.stm32cube.ide.mcu.externaltools.gnu-tools-for-stm32.11.3.rel1.win32_1.1.100.202309141235/tools/bin/../lib/gcc/arm-none-eabi/11.3.1/../../../../arm-none-eabi/lib/thumb/v8-m.main+fp/hard\libm.a
END GROUP
START GROUP
LOAD C:/ST/STM32CubeIDE_1.13.2/STM32CubeIDE/plugins/com.st.stm32cube.ide.mcu.externaltools.gnu-tools-for-stm32.11.3.rel1.win32_1.1.100.202309141235/tools/bin/../lib/gcc/arm-none-eabi/11.3.1/thumb/v8-m.main+fp/hard\libgcc.a
LOAD C:/ST/STM32CubeIDE_1.13.2/STM32CubeIDE/plugins/com.st.stm32cube.ide.mcu.externaltools.gnu-tools-for-stm32.11.3.rel1.win32_1.1.100.202309141235/tools/bin/../lib/gcc/arm-none-eabi/11.3.1/../../../../arm-none-eabi/lib/thumb/v8-m.main+fp/hard\libc_nano.a
END GROUP
START GROUP
LOAD C:/ST/STM32CubeIDE_1.13.2/STM32CubeIDE/plugins/com.st.stm32cube.ide.mcu.externaltools.gnu-tools-for-stm32.11.3.rel1.win32_1.1.100.202309141235/tools/bin/../lib/gcc/arm-none-eabi/11.3.1/thumb/v8-m.main+fp/hard\libgcc.a
LOAD C:/ST/STM32CubeIDE_1.13.2/STM32CubeIDE/plugins/com.st.stm32cube.ide.mcu.externaltools.gnu-tools-for-stm32.11.3.rel1.win32_1.1.100.202309141235/tools/bin/../lib/gcc/arm-none-eabi/11.3.1/../../../../arm-none-eabi/lib/thumb/v8-m.main+fp/hard\libc_nano.a
LOAD C:/ST/STM32CubeIDE_1.13.2/STM32CubeIDE/plugins/com.st.stm32cube.ide.mcu.externaltools.gnu-tools-for-stm32.11.3.rel1.win32_1.1.100.202309141235/tools/bin/../lib/gcc/arm-none-eabi/11.3.1/../../../../arm-none-eabi/lib/thumb/v8-m.main+fp/hard\libnosys.a
END GROUP
START GROUP
LOAD C:/ST/STM32CubeIDE_1.13.2/STM32CubeIDE/plugins/com.st.stm32cube.ide.mcu.externaltools.gnu-tools-for-stm32.11.3.rel1.win32_1.1.100.202309141235/tools/bin/../lib/gcc/arm-none-eabi/11.3.1/thumb/v8-m.main+fp/hard\libgcc.a
LOAD C:/ST/STM32CubeIDE_1.13.2/STM32CubeIDE/plugins/com.st.stm32cube.ide.mcu.externaltools.gnu-tools-for-stm32.11.3.rel1.win32_1.1.100.202309141235/tools/bin/../lib/gcc/arm-none-eabi/11.3.1/../../../../arm-none-eabi/lib/thumb/v8-m.main+fp/hard\libc_nano.a
LOAD C:/ST/STM32CubeIDE_1.13.2/STM32CubeIDE/plugins/com.st.stm32cube.ide.mcu.externaltools.gnu-tools-for-stm32.11.3.rel1.win32_1.1.100.202309141235/tools/bin/../lib/gcc/arm-none-eabi/11.3.1/../../../../arm-none-eabi/lib/thumb/v8-m.main+fp/hard\libnosys.a
END GROUP
LOAD C:/ST/STM32CubeIDE_1.13.2/STM32CubeIDE/plugins/com.st.stm32cube.ide.mcu.externaltools.gnu-tools-for-stm32.11.3.rel1.win32_1.1.100.202309141235/tools/bin/../lib/gcc/arm-none-eabi/11.3.1/thumb/v8-m.main+fp/hard/crtend.o
LOAD C:/ST/STM32CubeIDE_1.13.2/STM32CubeIDE/plugins/com.st.stm32cube.ide.mcu.externaltools.gnu-tools-for-stm32.11.3.rel1.win32_1.1.100.202309141235/tools/bin/../lib/gcc/arm-none-eabi/11.3.1/thumb/v8-m.main+fp/hard/crtn.o
                0x0000000020030000                _estack = (ORIGIN (RAM) + LENGTH (RAM))
                0x0000000000000200                _Min_Heap_Size = 0x200
                0x0000000000000400                _Min_Stack_Size = 0x400

.isr_vector     0x0000000008000000      0x1f4
                0x0000000008000000                . = ALIGN (0x4)
 *(.isr_vector)
 .isr_vector    0x0000000008000000      0x1f4 ./Core/Startup/startup_stm32l562cetx.o
                0x0000000008000000                g_pfnVectors
                0x00000000080001f4                . = ALIGN (0x4)

.text           0x00000000080001f4     0x4cd0
                0x00000000080001f4                . = ALIGN (0x4)
 *(.text)
 .text          0x00000000080001f4       0x40 C:/ST/STM32CubeIDE_1.13.2/STM32CubeIDE/plugins/com.st.stm32cube.ide.mcu.externaltools.gnu-tools-for-stm32.11.3.rel1.win32_1.1.100.202309141235/tools/bin/../lib/gcc/arm-none-eabi/11.3.1/thumb/v8-m.main+fp/hard/crtbegin.o
 .text          0x0000000008000234       0x30 C:/ST/STM32CubeIDE_1.13.2/STM32CubeIDE/plugins/com.st.stm32cube.ide.mcu.externaltools.gnu-tools-for-stm32.11.3.rel1.win32_1.1.100.202309141235/tools/bin/../lib/gcc/arm-none-eabi/11.3.1/thumb/v8-m.main+fp/hard\libgcc.a(_aeabi_uldivmod.o)
                0x0000000008000234                __aeabi_uldivmod
 .text          0x0000000008000264      0x2ec C:/ST/STM32CubeIDE_1.13.2/STM32CubeIDE/plugins/com.st.stm32cube.ide.mcu.externaltools.gnu-tools-for-stm32.11.3.rel1.win32_1.1.100.202309141235/tools/bin/../lib/gcc/arm-none-eabi/11.3.1/thumb/v8-m.main+fp/hard\libgcc.a(_udivmoddi4.o)
                0x0000000008000264                __udivmoddi4
 .text          0x0000000008000550        0x4 C:/ST/STM32CubeIDE_1.13.2/STM32CubeIDE/plugins/com.st.stm32cube.ide.mcu.externaltools.gnu-tools-for-stm32.11.3.rel1.win32_1.1.100.202309141235/tools/bin/../lib/gcc/arm-none-eabi/11.3.1/thumb/v8-m.main+fp/hard\libgcc.a(_dvmd_tls.o)
                0x0000000008000550                __aeabi_idiv0
                0x0000000008000550                __aeabi_ldiv0
 *(.text*)
 .text.AD9833_Init
                0x0000000008000554       0x18 ./Core/Src/AD9833.o
                0x0000000008000554                AD9833_Init
 .text.AD9833_SetFrequency
                0x000000000800056c       0x4c ./Core/Src/AD9833.o
                0x000000000800056c                AD9833_SetFrequency
 .text.AD9833_SetWaveform
                0x00000000080005b8       0x18 ./Core/Src/AD9833.o
                0x00000000080005b8                AD9833_SetWaveform
 .text.TPL0102_Write
                0x00000000080005d0       0x22 ./Core/Src/TPL0102.o
                0x00000000080005d0                TPL0102_Write
 .text.TPL0102_Init
                0x00000000080005f2       0x18 ./Core/Src/TPL0102.o
                0x00000000080005f2                TPL0102_Init
 *fill*         0x000000000800060a        0x2 
 .text.DelayInit
                0x000000000800060c       0x40 ./Core/Src/liquidcrystal_i2c.o
 .text.DelayUS  0x000000000800064c       0x34 ./Core/Src/liquidcrystal_i2c.o
 .text.ExpanderWrite
                0x0000000008000680       0x30 ./Core/Src/liquidcrystal_i2c.o
 .text.PulseEnable
                0x00000000080006b0       0x22 ./Core/Src/liquidcrystal_i2c.o
 .text.Write4Bits
                0x00000000080006d2       0x10 ./Core/Src/liquidcrystal_i2c.o
 .text.Send     0x00000000080006e2       0x1e ./Core/Src/liquidcrystal_i2c.o
 .text.SendCommand
                0x0000000008000700        0xa ./Core/Src/liquidcrystal_i2c.o
 .text.SendChar
                0x000000000800070a        0xa ./Core/Src/liquidcrystal_i2c.o
 .text.HD44780_Clear
                0x0000000008000714       0x12 ./Core/Src/liquidcrystal_i2c.o
                0x0000000008000714                HD44780_Clear
 .text.HD44780_Home
                0x0000000008000726       0x12 ./Core/Src/liquidcrystal_i2c.o
                0x0000000008000726                HD44780_Home
 .text.HD44780_SetCursor
                0x0000000008000738       0x44 ./Core/Src/liquidcrystal_i2c.o
                0x0000000008000738                HD44780_SetCursor
 .text.HD44780_Display
                0x000000000800077c       0x1c ./Core/Src/liquidcrystal_i2c.o
                0x000000000800077c                HD44780_Display
 .text.HD44780_CreateSpecialChar
                0x0000000008000798       0x24 ./Core/Src/liquidcrystal_i2c.o
                0x0000000008000798                HD44780_CreateSpecialChar
 .text.HD44780_Init
                0x00000000080007bc       0xd4 ./Core/Src/liquidcrystal_i2c.o
                0x00000000080007bc                HD44780_Init
 .text.HD44780_PrintStr
                0x0000000008000890       0x14 ./Core/Src/liquidcrystal_i2c.o
                0x0000000008000890                HD44780_PrintStr
 .text.MX_GPIO_Init
                0x00000000080008a4       0x9c ./Core/Src/main.o
 .text.HAL_ADC_ConvCpltCallback
                0x0000000008000940       0x18 ./Core/Src/main.o
                0x0000000008000940                HAL_ADC_ConvCpltCallback
 .text.adc_voltage
                0x0000000008000958       0x18 ./Core/Src/main.o
                0x0000000008000958                adc_voltage
 .text.RotaryEncoderUpdate
                0x0000000008000970       0x38 ./Core/Src/main.o
                0x0000000008000970                RotaryEncoderUpdate
 .text.ImpChangeState
                0x00000000080009a8       0x3c ./Core/Src/main.o
                0x00000000080009a8                ImpChangeState
 .text.WaveformChangeState
                0x00000000080009e4       0x80 ./Core/Src/main.o
                0x00000000080009e4                WaveformChangeState
 .text.Error_Handler
                0x0000000008000a64        0x4 ./Core/Src/main.o
                0x0000000008000a64                Error_Handler
 .text.MX_TIM1_Init
                0x0000000008000a68       0x68 ./Core/Src/main.o
 .text.MX_I2C1_Init
                0x0000000008000ad0       0x54 ./Core/Src/main.o
 .text.MX_UART4_Init
                0x0000000008000b24       0x60 ./Core/Src/main.o
 .text.MX_SPI1_Init
                0x0000000008000b84       0x4c ./Core/Src/main.o
 .text.MX_ADC1_Init
                0x0000000008000bd0       0x9c ./Core/Src/main.o
 .text.SystemClock_Config
                0x0000000008000c6c       0x72 ./Core/Src/main.o
                0x0000000008000c6c                SystemClock_Config
 *fill*         0x0000000008000cde        0x2 
 .text.main     0x0000000008000ce0      0x13c ./Core/Src/main.o
                0x0000000008000ce0                main
 .text.HAL_MspInit
                0x0000000008000e1c       0x38 ./Core/Src/stm32l5xx_hal_msp.o
                0x0000000008000e1c                HAL_MspInit
 .text.HAL_ADC_MspInit
                0x0000000008000e54       0xb4 ./Core/Src/stm32l5xx_hal_msp.o
                0x0000000008000e54                HAL_ADC_MspInit
 .text.HAL_I2C_MspInit
                0x0000000008000f08       0x88 ./Core/Src/stm32l5xx_hal_msp.o
                0x0000000008000f08                HAL_I2C_MspInit
 .text.HAL_SPI_MspInit
                0x0000000008000f90       0x64 ./Core/Src/stm32l5xx_hal_msp.o
                0x0000000008000f90                HAL_SPI_MspInit
 .text.HAL_TIM_Encoder_MspInit
                0x0000000008000ff4       0x88 ./Core/Src/stm32l5xx_hal_msp.o
                0x0000000008000ff4                HAL_TIM_Encoder_MspInit
 .text.HAL_UART_MspInit
                0x000000000800107c       0x88 ./Core/Src/stm32l5xx_hal_msp.o
                0x000000000800107c                HAL_UART_MspInit
 .text.NMI_Handler
                0x0000000008001104        0x2 ./Core/Src/stm32l5xx_it.o
                0x0000000008001104                NMI_Handler
 .text.HardFault_Handler
                0x0000000008001106        0x2 ./Core/Src/stm32l5xx_it.o
                0x0000000008001106                HardFault_Handler
 .text.MemManage_Handler
                0x0000000008001108        0x2 ./Core/Src/stm32l5xx_it.o
                0x0000000008001108                MemManage_Handler
 .text.BusFault_Handler
                0x000000000800110a        0x2 ./Core/Src/stm32l5xx_it.o
                0x000000000800110a                BusFault_Handler
 .text.UsageFault_Handler
                0x000000000800110c        0x2 ./Core/Src/stm32l5xx_it.o
                0x000000000800110c                UsageFault_Handler
 .text.SVC_Handler
                0x000000000800110e        0x2 ./Core/Src/stm32l5xx_it.o
                0x000000000800110e                SVC_Handler
 .text.DebugMon_Handler
                0x0000000008001110        0x2 ./Core/Src/stm32l5xx_it.o
                0x0000000008001110                DebugMon_Handler
 .text.PendSV_Handler
                0x0000000008001112        0x2 ./Core/Src/stm32l5xx_it.o
                0x0000000008001112                PendSV_Handler
 .text.SysTick_Handler
                0x0000000008001114        0x8 ./Core/Src/stm32l5xx_it.o
                0x0000000008001114                SysTick_Handler
 .text.ADC1_2_IRQHandler
                0x000000000800111c       0x10 ./Core/Src/stm32l5xx_it.o
                0x000000000800111c                ADC1_2_IRQHandler
 .text.TIM1_UP_IRQHandler
                0x000000000800112c       0x10 ./Core/Src/stm32l5xx_it.o
                0x000000000800112c                TIM1_UP_IRQHandler
 .text.TIM1_CC_IRQHandler
                0x000000000800113c       0x10 ./Core/Src/stm32l5xx_it.o
                0x000000000800113c                TIM1_CC_IRQHandler
 .text.SystemInit
                0x000000000800114c       0x14 ./Core/Src/system_stm32l5xx.o
                0x000000000800114c                SystemInit
 .text.SystemCoreClockUpdate
                0x0000000008001160       0xd4 ./Core/Src/system_stm32l5xx.o
                0x0000000008001160                SystemCoreClockUpdate
 .text.Reset_Handler
                0x0000000008001234       0x50 ./Core/Startup/startup_stm32l562cetx.o
                0x0000000008001234                Reset_Handler
 .text.Default_Handler
                0x0000000008001284        0x2 ./Core/Startup/startup_stm32l562cetx.o
                0x0000000008001284                EXTI2_IRQHandler
                0x0000000008001284                TIM8_TRG_COM_IRQHandler
                0x0000000008001284                TIM8_CC_IRQHandler
                0x0000000008001284                EXTI5_IRQHandler
                0x0000000008001284                FLASH_S_IRQHandler
                0x0000000008001284                EXTI13_IRQHandler
                0x0000000008001284                TSC_IRQHandler
                0x0000000008001284                TAMP_IRQHandler
                0x0000000008001284                TIM6_IRQHandler
                0x0000000008001284                EXTI12_IRQHandler
                0x0000000008001284                DMA2_Channel8_IRQHandler
                0x0000000008001284                EXTI3_IRQHandler
                0x0000000008001284                EXTI8_IRQHandler
                0x0000000008001284                LPTIM2_IRQHandler
                0x0000000008001284                DFSDM1_FLT1_IRQHandler
                0x0000000008001284                USB_FS_IRQHandler
                0x0000000008001284                I2C3_ER_IRQHandler
                0x0000000008001284                DFSDM1_FLT2_IRQHandler
                0x0000000008001284                DMAMUX1_IRQHandler
                0x0000000008001284                LPTIM3_IRQHandler
                0x0000000008001284                EXTI0_IRQHandler
                0x0000000008001284                I2C2_EV_IRQHandler
                0x0000000008001284                FPU_IRQHandler
                0x0000000008001284                FDCAN1_IT1_IRQHandler
                0x0000000008001284                SPI1_IRQHandler
                0x0000000008001284                OCTOSPI1_IRQHandler
                0x0000000008001284                TIM8_UP_IRQHandler
                0x0000000008001284                RCC_S_IRQHandler
                0x0000000008001284                DMA2_Channel2_IRQHandler
                0x0000000008001284                DMA1_Channel4_IRQHandler
                0x0000000008001284                SAI2_IRQHandler
                0x0000000008001284                DFSDM1_FLT3_IRQHandler
                0x0000000008001284                PKA_IRQHandler
                0x0000000008001284                EXTI15_IRQHandler
                0x0000000008001284                TIM17_IRQHandler
                0x0000000008001284                USART3_IRQHandler
                0x0000000008001284                RTC_IRQHandler
                0x0000000008001284                EXTI9_IRQHandler
                0x0000000008001284                DMA1_Channel7_IRQHandler
                0x0000000008001284                UART5_IRQHandler
                0x0000000008001284                TIM4_IRQHandler
                0x0000000008001284                DMA2_Channel1_IRQHandler
                0x0000000008001284                I2C1_EV_IRQHandler
                0x0000000008001284                DMA1_Channel6_IRQHandler
                0x0000000008001284                TIM16_IRQHandler
                0x0000000008001284                UART4_IRQHandler
                0x0000000008001284                DMA2_Channel4_IRQHandler
                0x0000000008001284                SecureFault_Handler
                0x0000000008001284                TIM3_IRQHandler
                0x0000000008001284                RCC_IRQHandler
                0x0000000008001284                TIM1_TRG_COM_IRQHandler
                0x0000000008001284                DMA1_Channel1_IRQHandler
                0x0000000008001284                Default_Handler
                0x0000000008001284                DMA2_Channel7_IRQHandler
                0x0000000008001284                OTFDEC1_IRQHandler
                0x0000000008001284                DMA1_Channel8_IRQHandler
                0x0000000008001284                TIM7_IRQHandler
                0x0000000008001284                SDMMC1_IRQHandler
                0x0000000008001284                TIM5_IRQHandler
                0x0000000008001284                UCPD1_IRQHandler
                0x0000000008001284                TIM15_IRQHandler
                0x0000000008001284                I2C3_EV_IRQHandler
                0x0000000008001284                PVD_PVM_IRQHandler
                0x0000000008001284                SPI2_IRQHandler
                0x0000000008001284                EXTI14_IRQHandler
                0x0000000008001284                EXTI11_IRQHandler
                0x0000000008001284                DMA2_Channel5_IRQHandler
                0x0000000008001284                CRS_IRQHandler
                0x0000000008001284                DMA1_Channel5_IRQHandler
                0x0000000008001284                EXTI4_IRQHandler
                0x0000000008001284                RTC_S_IRQHandler
                0x0000000008001284                RNG_IRQHandler
                0x0000000008001284                DMAMUX1_S_IRQHandler
                0x0000000008001284                DMA1_Channel3_IRQHandler
                0x0000000008001284                COMP_IRQHandler
                0x0000000008001284                WWDG_IRQHandler
                0x0000000008001284                I2C4_EV_IRQHandler
                0x0000000008001284                LPUART1_IRQHandler
                0x0000000008001284                DMA2_Channel6_IRQHandler
                0x0000000008001284                FDCAN1_IT0_IRQHandler
                0x0000000008001284                TIM2_IRQHandler
                0x0000000008001284                TAMP_S_IRQHandler
                0x0000000008001284                EXTI7_IRQHandler
                0x0000000008001284                TIM1_BRK_IRQHandler
                0x0000000008001284                DAC_IRQHandler
                0x0000000008001284                EXTI1_IRQHandler
                0x0000000008001284                AES_IRQHandler
                0x0000000008001284                GTZC_IRQHandler
                0x0000000008001284                USART2_IRQHandler
                0x0000000008001284                DFSDM1_FLT0_IRQHandler
                0x0000000008001284                I2C2_ER_IRQHandler
                0x0000000008001284                DMA1_Channel2_IRQHandler
                0x0000000008001284                TIM8_BRK_IRQHandler
                0x0000000008001284                FLASH_IRQHandler
                0x0000000008001284                USART1_IRQHandler
                0x0000000008001284                EXTI10_IRQHandler
                0x0000000008001284                SPI3_IRQHandler
                0x0000000008001284                I2C1_ER_IRQHandler
                0x0000000008001284                FMC_IRQHandler
                0x0000000008001284                EXTI6_IRQHandler
                0x0000000008001284                LPTIM1_IRQHandler
                0x0000000008001284                I2C4_ER_IRQHandler
                0x0000000008001284                ICACHE_IRQHandler
                0x0000000008001284                SAI1_IRQHandler
                0x0000000008001284                HASH_IRQHandler
                0x0000000008001284                DMA2_Channel3_IRQHandler
 *fill*         0x0000000008001286        0x2 
 .text.HAL_InitTick
                0x0000000008001288       0x50 ./Drivers/STM32L5xx_HAL_Driver/Src/stm32l5xx_hal.o
                0x0000000008001288                HAL_InitTick
 .text.HAL_Init
                0x00000000080012d8       0x22 ./Drivers/STM32L5xx_HAL_Driver/Src/stm32l5xx_hal.o
                0x00000000080012d8                HAL_Init
 *fill*         0x00000000080012fa        0x2 
 .text.HAL_IncTick
                0x00000000080012fc       0x18 ./Drivers/STM32L5xx_HAL_Driver/Src/stm32l5xx_hal.o
                0x00000000080012fc                HAL_IncTick
 .text.HAL_GetTick
                0x0000000008001314        0xc ./Drivers/STM32L5xx_HAL_Driver/Src/stm32l5xx_hal.o
                0x0000000008001314                HAL_GetTick
 .text.HAL_Delay
                0x0000000008001320       0x28 ./Drivers/STM32L5xx_HAL_Driver/Src/stm32l5xx_hal.o
                0x0000000008001320                HAL_Delay
 .text.HAL_ADC_Init
                0x0000000008001348      0x1e8 ./Drivers/STM32L5xx_HAL_Driver/Src/stm32l5xx_hal_adc.o
                0x0000000008001348                HAL_ADC_Init
 .text.HAL_ADC_GetValue
                0x0000000008001530        0x6 ./Drivers/STM32L5xx_HAL_Driver/Src/stm32l5xx_hal_adc.o
                0x0000000008001530                HAL_ADC_GetValue
 .text.HAL_ADC_LevelOutOfWindowCallback
                0x0000000008001536        0x2 ./Drivers/STM32L5xx_HAL_Driver/Src/stm32l5xx_hal_adc.o
                0x0000000008001536                HAL_ADC_LevelOutOfWindowCallback
 .text.HAL_ADC_ErrorCallback
                0x0000000008001538        0x2 ./Drivers/STM32L5xx_HAL_Driver/Src/stm32l5xx_hal_adc.o
                0x0000000008001538                HAL_ADC_ErrorCallback
 *fill*         0x000000000800153a        0x2 
 .text.HAL_ADC_IRQHandler
                0x000000000800153c      0x29c ./Drivers/STM32L5xx_HAL_Driver/Src/stm32l5xx_hal_adc.o
                0x000000000800153c                HAL_ADC_IRQHandler
 .text.HAL_ADC_ConfigChannel
                0x00000000080017d8      0x4d4 ./Drivers/STM32L5xx_HAL_Driver/Src/stm32l5xx_hal_adc.o
                0x00000000080017d8                HAL_ADC_ConfigChannel
 .text.ADC_Enable
                0x0000000008001cac       0xdc ./Drivers/STM32L5xx_HAL_Driver/Src/stm32l5xx_hal_adc.o
                0x0000000008001cac                ADC_Enable
 .text.HAL_ADC_Start_IT
                0x0000000008001d88      0x190 ./Drivers/STM32L5xx_HAL_Driver/Src/stm32l5xx_hal_adc.o
                0x0000000008001d88                HAL_ADC_Start_IT
 .text.HAL_ADCEx_InjectedConvCpltCallback
                0x0000000008001f18        0x2 ./Drivers/STM32L5xx_HAL_Driver/Src/stm32l5xx_hal_adc_ex.o
                0x0000000008001f18                HAL_ADCEx_InjectedConvCpltCallback
 .text.HAL_ADCEx_InjectedQueueOverflowCallback
                0x0000000008001f1a        0x2 ./Drivers/STM32L5xx_HAL_Driver/Src/stm32l5xx_hal_adc_ex.o
                0x0000000008001f1a                HAL_ADCEx_InjectedQueueOverflowCallback
 .text.HAL_ADCEx_LevelOutOfWindow2Callback
                0x0000000008001f1c        0x2 ./Drivers/STM32L5xx_HAL_Driver/Src/stm32l5xx_hal_adc_ex.o
                0x0000000008001f1c                HAL_ADCEx_LevelOutOfWindow2Callback
 .text.HAL_ADCEx_LevelOutOfWindow3Callback
                0x0000000008001f1e        0x2 ./Drivers/STM32L5xx_HAL_Driver/Src/stm32l5xx_hal_adc_ex.o
                0x0000000008001f1e                HAL_ADCEx_LevelOutOfWindow3Callback
 .text.HAL_ADCEx_EndOfSamplingCallback
                0x0000000008001f20        0x2 ./Drivers/STM32L5xx_HAL_Driver/Src/stm32l5xx_hal_adc_ex.o
                0x0000000008001f20                HAL_ADCEx_EndOfSamplingCallback
 *fill*         0x0000000008001f22        0x2 
 .text.HAL_ADCEx_MultiModeConfigChannel
                0x0000000008001f24      0x118 ./Drivers/STM32L5xx_HAL_Driver/Src/stm32l5xx_hal_adc_ex.o
                0x0000000008001f24                HAL_ADCEx_MultiModeConfigChannel
 .text.HAL_NVIC_SetPriorityGrouping
                0x000000000800203c       0x24 ./Drivers/STM32L5xx_HAL_Driver/Src/stm32l5xx_hal_cortex.o
                0x000000000800203c                HAL_NVIC_SetPriorityGrouping
 .text.HAL_NVIC_SetPriority
                0x0000000008002060       0x70 ./Drivers/STM32L5xx_HAL_Driver/Src/stm32l5xx_hal_cortex.o
                0x0000000008002060                HAL_NVIC_SetPriority
 .text.HAL_NVIC_EnableIRQ
                0x00000000080020d0       0x1c ./Drivers/STM32L5xx_HAL_Driver/Src/stm32l5xx_hal_cortex.o
                0x00000000080020d0                HAL_NVIC_EnableIRQ
 .text.HAL_SYSTICK_Config
                0x00000000080020ec       0x28 ./Drivers/STM32L5xx_HAL_Driver/Src/stm32l5xx_hal_cortex.o
                0x00000000080020ec                HAL_SYSTICK_Config
 .text.HAL_GPIO_Init
                0x0000000008002114      0x1c8 ./Drivers/STM32L5xx_HAL_Driver/Src/stm32l5xx_hal_gpio.o
                0x0000000008002114                HAL_GPIO_Init
 .text.HAL_GPIO_ReadPin
                0x00000000080022dc        0xe ./Drivers/STM32L5xx_HAL_Driver/Src/stm32l5xx_hal_gpio.o
                0x00000000080022dc                HAL_GPIO_ReadPin
 .text.HAL_GPIO_WritePin
                0x00000000080022ea        0xa ./Drivers/STM32L5xx_HAL_Driver/Src/stm32l5xx_hal_gpio.o
                0x00000000080022ea                HAL_GPIO_WritePin
 .text.HAL_GPIO_TogglePin
                0x00000000080022f4       0x12 ./Drivers/STM32L5xx_HAL_Driver/Src/stm32l5xx_hal_gpio.o
                0x00000000080022f4                HAL_GPIO_TogglePin
 .text.I2C_Flush_TXDR
                0x0000000008002306       0x22 ./Drivers/STM32L5xx_HAL_Driver/Src/stm32l5xx_hal_i2c.o
 .text.I2C_TransferConfig
                0x0000000008002328       0x3c ./Drivers/STM32L5xx_HAL_Driver/Src/stm32l5xx_hal_i2c.o
 .text.I2C_IsErrorOccurred
                0x0000000008002364      0x114 ./Drivers/STM32L5xx_HAL_Driver/Src/stm32l5xx_hal_i2c.o
 .text.I2C_WaitOnTXISFlagUntilTimeout
                0x0000000008002478       0x60 ./Drivers/STM32L5xx_HAL_Driver/Src/stm32l5xx_hal_i2c.o
 .text.I2C_WaitOnFlagUntilTimeout
                0x00000000080024d8       0x6a ./Drivers/STM32L5xx_HAL_Driver/Src/stm32l5xx_hal_i2c.o
 .text.I2C_WaitOnSTOPFlagUntilTimeout
                0x0000000008002542       0x5e ./Drivers/STM32L5xx_HAL_Driver/Src/stm32l5xx_hal_i2c.o
 .text.HAL_I2C_Init
                0x00000000080025a0       0xbc ./Drivers/STM32L5xx_HAL_Driver/Src/stm32l5xx_hal_i2c.o
                0x00000000080025a0                HAL_I2C_Init
 .text.HAL_I2C_Master_Transmit
                0x000000000800265c      0x17c ./Drivers/STM32L5xx_HAL_Driver/Src/stm32l5xx_hal_i2c.o
                0x000000000800265c                HAL_I2C_Master_Transmit
 .text.HAL_I2CEx_ConfigAnalogFilter
                0x00000000080027d8       0x5c ./Drivers/STM32L5xx_HAL_Driver/Src/stm32l5xx_hal_i2c_ex.o
                0x00000000080027d8                HAL_I2CEx_ConfigAnalogFilter
 .text.HAL_I2CEx_ConfigDigitalFilter
                0x0000000008002834       0x58 ./Drivers/STM32L5xx_HAL_Driver/Src/stm32l5xx_hal_i2c_ex.o
                0x0000000008002834                HAL_I2CEx_ConfigDigitalFilter
 .text.HAL_PWREx_GetVoltageRange
                0x000000000800288c       0x10 ./Drivers/STM32L5xx_HAL_Driver/Src/stm32l5xx_hal_pwr_ex.o
                0x000000000800288c                HAL_PWREx_GetVoltageRange
 .text.HAL_PWREx_DisableUCPDDeadBattery
                0x000000000800289c       0x10 ./Drivers/STM32L5xx_HAL_Driver/Src/stm32l5xx_hal_pwr_ex.o
                0x000000000800289c                HAL_PWREx_DisableUCPDDeadBattery
 .text.HAL_PWREx_SMPS_GetEffectiveMode
                0x00000000080028ac       0x24 ./Drivers/STM32L5xx_HAL_Driver/Src/stm32l5xx_hal_pwr_ex.o
                0x00000000080028ac                HAL_PWREx_SMPS_GetEffectiveMode
 .text.HAL_PWREx_ControlVoltageScaling
                0x00000000080028d0       0x90 ./Drivers/STM32L5xx_HAL_Driver/Src/stm32l5xx_hal_pwr_ex.o
                0x00000000080028d0                HAL_PWREx_ControlVoltageScaling
 .text.RCC_GetSysClockFreqFromPLLSource
                0x0000000008002960       0x8c ./Drivers/STM32L5xx_HAL_Driver/Src/stm32l5xx_hal_rcc.o
 .text.RCC_SetFlashLatencyFromMSIRange
                0x00000000080029ec       0x94 ./Drivers/STM32L5xx_HAL_Driver/Src/stm32l5xx_hal_rcc.o
 .text.HAL_RCC_GetSysClockFreq
                0x0000000008002a80       0xd4 ./Drivers/STM32L5xx_HAL_Driver/Src/stm32l5xx_hal_rcc.o
                0x0000000008002a80                HAL_RCC_GetSysClockFreq
 .text.HAL_RCC_GetHCLKFreq
                0x0000000008002b54       0x20 ./Drivers/STM32L5xx_HAL_Driver/Src/stm32l5xx_hal_rcc.o
                0x0000000008002b54                HAL_RCC_GetHCLKFreq
 .text.HAL_RCC_OscConfig
                0x0000000008002b74      0x7b4 ./Drivers/STM32L5xx_HAL_Driver/Src/stm32l5xx_hal_rcc.o
                0x0000000008002b74                HAL_RCC_OscConfig
 .text.HAL_RCC_ClockConfig
                0x0000000008003328      0x1fc ./Drivers/STM32L5xx_HAL_Driver/Src/stm32l5xx_hal_rcc.o
                0x0000000008003328                HAL_RCC_ClockConfig
 .text.HAL_RCC_GetPCLK1Freq
                0x0000000008003524       0x20 ./Drivers/STM32L5xx_HAL_Driver/Src/stm32l5xx_hal_rcc.o
                0x0000000008003524                HAL_RCC_GetPCLK1Freq
 .text.HAL_RCC_GetPCLK2Freq
                0x0000000008003544       0x20 ./Drivers/STM32L5xx_HAL_Driver/Src/stm32l5xx_hal_rcc.o
                0x0000000008003544                HAL_RCC_GetPCLK2Freq
 .text.RCCEx_PLLSAI2_Config
                0x0000000008003564       0xe0 ./Drivers/STM32L5xx_HAL_Driver/Src/stm32l5xx_hal_rcc_ex.o
 .text.RCCEx_PLLSAI1_Config
                0x0000000008003644      0x140 ./Drivers/STM32L5xx_HAL_Driver/Src/stm32l5xx_hal_rcc_ex.o
 .text.HAL_RCCEx_PeriphCLKConfig
                0x0000000008003784      0x568 ./Drivers/STM32L5xx_HAL_Driver/Src/stm32l5xx_hal_rcc_ex.o
                0x0000000008003784                HAL_RCCEx_PeriphCLKConfig
 .text.SPI_WaitFlagStateUntilTimeout
                0x0000000008003cec       0xd0 ./Drivers/STM32L5xx_HAL_Driver/Src/stm32l5xx_hal_spi.o
 .text.SPI_WaitFifoStateUntilTimeout
                0x0000000008003dbc       0xf4 ./Drivers/STM32L5xx_HAL_Driver/Src/stm32l5xx_hal_spi.o
 .text.SPI_EndRxTxTransaction
                0x0000000008003eb0       0x62 ./Drivers/STM32L5xx_HAL_Driver/Src/stm32l5xx_hal_spi.o
 .text.HAL_SPI_Init
                0x0000000008003f12       0xde ./Drivers/STM32L5xx_HAL_Driver/Src/stm32l5xx_hal_spi.o
                0x0000000008003f12                HAL_SPI_Init
 .text.HAL_SPI_Transmit
                0x0000000008003ff0      0x202 ./Drivers/STM32L5xx_HAL_Driver/Src/stm32l5xx_hal_spi.o
                0x0000000008003ff0                HAL_SPI_Transmit
 .text.HAL_TIM_PeriodElapsedCallback
                0x00000000080041f2        0x2 ./Drivers/STM32L5xx_HAL_Driver/Src/stm32l5xx_hal_tim.o
                0x00000000080041f2                HAL_TIM_PeriodElapsedCallback
 .text.HAL_TIM_OC_DelayElapsedCallback
                0x00000000080041f4        0x2 ./Drivers/STM32L5xx_HAL_Driver/Src/stm32l5xx_hal_tim.o
                0x00000000080041f4                HAL_TIM_OC_DelayElapsedCallback
 .text.HAL_TIM_IC_CaptureCallback
                0x00000000080041f6        0x2 ./Drivers/STM32L5xx_HAL_Driver/Src/stm32l5xx_hal_tim.o
                0x00000000080041f6                HAL_TIM_IC_CaptureCallback
 .text.HAL_TIM_PWM_PulseFinishedCallback
                0x00000000080041f8        0x2 ./Drivers/STM32L5xx_HAL_Driver/Src/stm32l5xx_hal_tim.o
                0x00000000080041f8                HAL_TIM_PWM_PulseFinishedCallback
 .text.HAL_TIM_TriggerCallback
                0x00000000080041fa        0x2 ./Drivers/STM32L5xx_HAL_Driver/Src/stm32l5xx_hal_tim.o
                0x00000000080041fa                HAL_TIM_TriggerCallback
 .text.HAL_TIM_IRQHandler
                0x00000000080041fc      0x19a ./Drivers/STM32L5xx_HAL_Driver/Src/stm32l5xx_hal_tim.o
                0x00000000080041fc                HAL_TIM_IRQHandler
 *fill*         0x0000000008004396        0x2 
 .text.TIM_Base_SetConfig
                0x0000000008004398       0xc8 ./Drivers/STM32L5xx_HAL_Driver/Src/stm32l5xx_hal_tim.o
                0x0000000008004398                TIM_Base_SetConfig
 .text.HAL_TIM_Encoder_Init
                0x0000000008004460       0xb0 ./Drivers/STM32L5xx_HAL_Driver/Src/stm32l5xx_hal_tim.o
                0x0000000008004460                HAL_TIM_Encoder_Init
 .text.TIM_CCxChannelCmd
                0x0000000008004510       0x1e ./Drivers/STM32L5xx_HAL_Driver/Src/stm32l5xx_hal_tim.o
                0x0000000008004510                TIM_CCxChannelCmd
 .text.HAL_TIM_Encoder_Start_IT
                0x000000000800452e       0xf6 ./Drivers/STM32L5xx_HAL_Driver/Src/stm32l5xx_hal_tim.o
                0x000000000800452e                HAL_TIM_Encoder_Start_IT
 .text.HAL_TIMEx_MasterConfigSynchronization
                0x0000000008004624       0x98 ./Drivers/STM32L5xx_HAL_Driver/Src/stm32l5xx_hal_tim_ex.o
                0x0000000008004624                HAL_TIMEx_MasterConfigSynchronization
 .text.HAL_TIMEx_CommutCallback
                0x00000000080046bc        0x2 ./Drivers/STM32L5xx_HAL_Driver/Src/stm32l5xx_hal_tim_ex.o
                0x00000000080046bc                HAL_TIMEx_CommutCallback
 .text.HAL_TIMEx_BreakCallback
                0x00000000080046be        0x2 ./Drivers/STM32L5xx_HAL_Driver/Src/stm32l5xx_hal_tim_ex.o
                0x00000000080046be                HAL_TIMEx_BreakCallback
 .text.HAL_TIMEx_Break2Callback
                0x00000000080046c0        0x2 ./Drivers/STM32L5xx_HAL_Driver/Src/stm32l5xx_hal_tim_ex.o
                0x00000000080046c0                HAL_TIMEx_Break2Callback
 .text.UART_EndRxTransfer
                0x00000000080046c2       0x56 ./Drivers/STM32L5xx_HAL_Driver/Src/stm32l5xx_hal_uart.o
 .text.UART_SetConfig
                0x0000000008004718      0x38c ./Drivers/STM32L5xx_HAL_Driver/Src/stm32l5xx_hal_uart.o
                0x0000000008004718                UART_SetConfig
 .text.UART_AdvFeatureConfig
                0x0000000008004aa4       0xca ./Drivers/STM32L5xx_HAL_Driver/Src/stm32l5xx_hal_uart.o
                0x0000000008004aa4                UART_AdvFeatureConfig
 .text.UART_WaitOnFlagUntilTimeout
                0x0000000008004b6e       0x96 ./Drivers/STM32L5xx_HAL_Driver/Src/stm32l5xx_hal_uart.o
                0x0000000008004b6e                UART_WaitOnFlagUntilTimeout
 .text.UART_CheckIdleState
                0x0000000008004c04       0xca ./Drivers/STM32L5xx_HAL_Driver/Src/stm32l5xx_hal_uart.o
                0x0000000008004c04                UART_CheckIdleState
 .text.HAL_UART_Init
                0x0000000008004cce       0x66 ./Drivers/STM32L5xx_HAL_Driver/Src/stm32l5xx_hal_uart.o
                0x0000000008004cce                HAL_UART_Init
 .text.UARTEx_SetNbDataToProcess
                0x0000000008004d34       0x4c ./Drivers/STM32L5xx_HAL_Driver/Src/stm32l5xx_hal_uart_ex.o
 .text.HAL_UARTEx_DisableFifoMode
                0x0000000008004d80       0x3e ./Drivers/STM32L5xx_HAL_Driver/Src/stm32l5xx_hal_uart_ex.o
                0x0000000008004d80                HAL_UARTEx_DisableFifoMode
 .text.HAL_UARTEx_SetTxFifoThreshold
                0x0000000008004dbe       0x4a ./Drivers/STM32L5xx_HAL_Driver/Src/stm32l5xx_hal_uart_ex.o
                0x0000000008004dbe                HAL_UARTEx_SetTxFifoThreshold
 .text.HAL_UARTEx_SetRxFifoThreshold
                0x0000000008004e08       0x4a ./Drivers/STM32L5xx_HAL_Driver/Src/stm32l5xx_hal_uart_ex.o
                0x0000000008004e08                HAL_UARTEx_SetRxFifoThreshold
 .text.memset   0x0000000008004e52       0x10 C:/ST/STM32CubeIDE_1.13.2/STM32CubeIDE/plugins/com.st.stm32cube.ide.mcu.externaltools.gnu-tools-for-stm32.11.3.rel1.win32_1.1.100.202309141235/tools/bin/../lib/gcc/arm-none-eabi/11.3.1/../../../../arm-none-eabi/lib/thumb/v8-m.main+fp/hard\libc_nano.a(libc_a-memset.o)
                0x0000000008004e52                memset
 *fill*         0x0000000008004e62        0x2 
 .text.__libc_init_array
                0x0000000008004e64       0x48 C:/ST/STM32CubeIDE_1.13.2/STM32CubeIDE/plugins/com.st.stm32cube.ide.mcu.externaltools.gnu-tools-for-stm32.11.3.rel1.win32_1.1.100.202309141235/tools/bin/../lib/gcc/arm-none-eabi/11.3.1/../../../../arm-none-eabi/lib/thumb/v8-m.main+fp/hard\libc_nano.a(libc_a-init.o)
                0x0000000008004e64                __libc_init_array
 *(.glue_7)
 .glue_7        0x0000000008004eac        0x0 linker stubs
 *(.glue_7t)
 .glue_7t       0x0000000008004eac        0x0 linker stubs
 *(.eh_frame)
 .eh_frame      0x0000000008004eac        0x0 C:/ST/STM32CubeIDE_1.13.2/STM32CubeIDE/plugins/com.st.stm32cube.ide.mcu.externaltools.gnu-tools-for-stm32.11.3.rel1.win32_1.1.100.202309141235/tools/bin/../lib/gcc/arm-none-eabi/11.3.1/thumb/v8-m.main+fp/hard/crtbegin.o
 *(.init)
 .init          0x0000000008004eac        0x4 C:/ST/STM32CubeIDE_1.13.2/STM32CubeIDE/plugins/com.st.stm32cube.ide.mcu.externaltools.gnu-tools-for-stm32.11.3.rel1.win32_1.1.100.202309141235/tools/bin/../lib/gcc/arm-none-eabi/11.3.1/thumb/v8-m.main+fp/hard/crti.o
                0x0000000008004eac                _init
 .init          0x0000000008004eb0        0x8 C:/ST/STM32CubeIDE_1.13.2/STM32CubeIDE/plugins/com.st.stm32cube.ide.mcu.externaltools.gnu-tools-for-stm32.11.3.rel1.win32_1.1.100.202309141235/tools/bin/../lib/gcc/arm-none-eabi/11.3.1/thumb/v8-m.main+fp/hard/crtn.o
 *(.fini)
 .fini          0x0000000008004eb8        0x4 C:/ST/STM32CubeIDE_1.13.2/STM32CubeIDE/plugins/com.st.stm32cube.ide.mcu.externaltools.gnu-tools-for-stm32.11.3.rel1.win32_1.1.100.202309141235/tools/bin/../lib/gcc/arm-none-eabi/11.3.1/thumb/v8-m.main+fp/hard/crti.o
                0x0000000008004eb8                _fini
 .fini          0x0000000008004ebc        0x8 C:/ST/STM32CubeIDE_1.13.2/STM32CubeIDE/plugins/com.st.stm32cube.ide.mcu.externaltools.gnu-tools-for-stm32.11.3.rel1.win32_1.1.100.202309141235/tools/bin/../lib/gcc/arm-none-eabi/11.3.1/thumb/v8-m.main+fp/hard/crtn.o
                0x0000000008004ec4                . = ALIGN (0x4)
                0x0000000008004ec4                _etext = .

.vfp11_veneer   0x0000000008004ec4        0x0
 .vfp11_veneer  0x0000000008004ec4        0x0 linker stubs

.v4_bx          0x0000000008004ec4        0x0
 .v4_bx         0x0000000008004ec4        0x0 linker stubs

.iplt           0x0000000008004ec4        0x0
 .iplt          0x0000000008004ec4        0x0 C:/ST/STM32CubeIDE_1.13.2/STM32CubeIDE/plugins/com.st.stm32cube.ide.mcu.externaltools.gnu-tools-for-stm32.11.3.rel1.win32_1.1.100.202309141235/tools/bin/../lib/gcc/arm-none-eabi/11.3.1/thumb/v8-m.main+fp/hard/crtbegin.o

.rodata         0x0000000008004ec4       0xbc
                0x0000000008004ec4                . = ALIGN (0x4)
 *(.rodata)
 .rodata        0x0000000008004ec4       0x10 ./Core/Src/liquidcrystal_i2c.o
 *(.rodata*)
 .rodata.ImpChangeState.str1.4
                0x0000000008004ed4        0xf ./Core/Src/main.o
 *fill*         0x0000000008004ee3        0x1 
 .rodata.WaveformChangeState.str1.4
                0x0000000008004ee4       0x1b ./Core/Src/main.o
 *fill*         0x0000000008004eff        0x1 
 .rodata.AHBPrescTable
                0x0000000008004f00       0x10 ./Core/Src/system_stm32l5xx.o
                0x0000000008004f00                AHBPrescTable
 .rodata.APBPrescTable
                0x0000000008004f10        0x8 ./Core/Src/system_stm32l5xx.o
                0x0000000008004f10                APBPrescTable
 .rodata.MSIRangeTable
                0x0000000008004f18       0x40 ./Core/Src/system_stm32l5xx.o
                0x0000000008004f18                MSIRangeTable
 .rodata.UARTPrescTable
                0x0000000008004f58       0x18 ./Drivers/STM32L5xx_HAL_Driver/Src/stm32l5xx_hal_uart.o
                0x0000000008004f58                UARTPrescTable
 .rodata.denominator.0
                0x0000000008004f70        0x8 ./Drivers/STM32L5xx_HAL_Driver/Src/stm32l5xx_hal_uart_ex.o
 .rodata.numerator.1
                0x0000000008004f78        0x8 ./Drivers/STM32L5xx_HAL_Driver/Src/stm32l5xx_hal_uart_ex.o
                0x0000000008004f80                . = ALIGN (0x4)

.ARM.extab      0x0000000008004f80        0x0
                0x0000000008004f80                . = ALIGN (0x4)
 *(.ARM.extab* .gnu.linkonce.armextab.*)
                0x0000000008004f80                . = ALIGN (0x4)

.ARM            0x0000000008004f80        0x8
                0x0000000008004f80                . = ALIGN (0x4)
                0x0000000008004f80                __exidx_start = .
 *(.ARM.exidx*)
 .ARM.exidx     0x0000000008004f80        0x8 C:/ST/STM32CubeIDE_1.13.2/STM32CubeIDE/plugins/com.st.stm32cube.ide.mcu.externaltools.gnu-tools-for-stm32.11.3.rel1.win32_1.1.100.202309141235/tools/bin/../lib/gcc/arm-none-eabi/11.3.1/thumb/v8-m.main+fp/hard\libgcc.a(_udivmoddi4.o)
                0x0000000008004f88                __exidx_end = .
                0x0000000008004f88                . = ALIGN (0x4)

.rel.dyn        0x0000000008004f88        0x0
 .rel.iplt      0x0000000008004f88        0x0 C:/ST/STM32CubeIDE_1.13.2/STM32CubeIDE/plugins/com.st.stm32cube.ide.mcu.externaltools.gnu-tools-for-stm32.11.3.rel1.win32_1.1.100.202309141235/tools/bin/../lib/gcc/arm-none-eabi/11.3.1/thumb/v8-m.main+fp/hard/crtbegin.o

.preinit_array  0x0000000008004f88        0x0
                0x0000000008004f88                . = ALIGN (0x4)
                0x0000000008004f88                PROVIDE (__preinit_array_start = .)
 *(.preinit_array*)
                0x0000000008004f88                PROVIDE (__preinit_array_end = .)
                0x0000000008004f88                . = ALIGN (0x4)

.init_array     0x0000000008004f88        0x4
                0x0000000008004f88                . = ALIGN (0x4)
                0x0000000008004f88                PROVIDE (__init_array_start = .)
 *(SORT_BY_NAME(.init_array.*))
 *(.init_array*)
 .init_array    0x0000000008004f88        0x4 C:/ST/STM32CubeIDE_1.13.2/STM32CubeIDE/plugins/com.st.stm32cube.ide.mcu.externaltools.gnu-tools-for-stm32.11.3.rel1.win32_1.1.100.202309141235/tools/bin/../lib/gcc/arm-none-eabi/11.3.1/thumb/v8-m.main+fp/hard/crtbegin.o
                0x0000000008004f8c                PROVIDE (__init_array_end = .)
                0x0000000008004f8c                . = ALIGN (0x4)

.fini_array     0x0000000008004f8c        0x4
                0x0000000008004f8c                . = ALIGN (0x4)
                [!provide]                        PROVIDE (__fini_array_start = .)
 *(SORT_BY_NAME(.fini_array.*))
 *(.fini_array*)
 .fini_array    0x0000000008004f8c        0x4 C:/ST/STM32CubeIDE_1.13.2/STM32CubeIDE/plugins/com.st.stm32cube.ide.mcu.externaltools.gnu-tools-for-stm32.11.3.rel1.win32_1.1.100.202309141235/tools/bin/../lib/gcc/arm-none-eabi/11.3.1/thumb/v8-m.main+fp/hard/crtbegin.o
                [!provide]                        PROVIDE (__fini_array_end = .)
                0x0000000008004f90                . = ALIGN (0x4)
                0x0000000008004f90                _sidata = LOADADDR (.data)

.data           0x0000000020000000       0x1c load address 0x0000000008004f90
                0x0000000020000000                . = ALIGN (0x4)
                0x0000000020000000                _sdata = .
 *(.data)
 *(.data*)
 .data.special1
                0x0000000020000000        0x8 ./Core/Src/liquidcrystal_i2c.o
                0x0000000020000000                special1
 .data.special2
                0x0000000020000008        0x8 ./Core/Src/liquidcrystal_i2c.o
                0x0000000020000008                special2
 .data.SystemCoreClock
                0x0000000020000010        0x4 ./Core/Src/system_stm32l5xx.o
                0x0000000020000010                SystemCoreClock
 .data.uwTickFreq
                0x0000000020000014        0x1 ./Drivers/STM32L5xx_HAL_Driver/Src/stm32l5xx_hal.o
                0x0000000020000014                uwTickFreq
 *fill*         0x0000000020000015        0x3 
 .data.uwTickPrio
                0x0000000020000018        0x4 ./Drivers/STM32L5xx_HAL_Driver/Src/stm32l5xx_hal.o
                0x0000000020000018                uwTickPrio
 *(.RamFunc)
 *(.RamFunc*)
                0x000000002000001c                . = ALIGN (0x4)
                0x000000002000001c                _edata = .

.igot.plt       0x000000002000001c        0x0 load address 0x0000000008004fac
 .igot.plt      0x000000002000001c        0x0 C:/ST/STM32CubeIDE_1.13.2/STM32CubeIDE/plugins/com.st.stm32cube.ide.mcu.externaltools.gnu-tools-for-stm32.11.3.rel1.win32_1.1.100.202309141235/tools/bin/../lib/gcc/arm-none-eabi/11.3.1/thumb/v8-m.main+fp/hard/crtbegin.o
                0x000000002000001c                . = ALIGN (0x4)

.bss            0x000000002000001c      0x240 load address 0x0000000008004fac
                0x000000002000001c                _sbss = .
                0x000000002000001c                __bss_start__ = _sbss
 *(.bss)
 .bss           0x000000002000001c       0x1c C:/ST/STM32CubeIDE_1.13.2/STM32CubeIDE/plugins/com.st.stm32cube.ide.mcu.externaltools.gnu-tools-for-stm32.11.3.rel1.win32_1.1.100.202309141235/tools/bin/../lib/gcc/arm-none-eabi/11.3.1/thumb/v8-m.main+fp/hard/crtbegin.o
 *(.bss*)
 .bss.dpBacklight
                0x0000000020000038        0x1 ./Core/Src/liquidcrystal_i2c.o
                0x0000000020000038                dpBacklight
 .bss.dpControl
                0x0000000020000039        0x1 ./Core/Src/liquidcrystal_i2c.o
                0x0000000020000039                dpControl
 .bss.dpFunction
                0x000000002000003a        0x1 ./Core/Src/liquidcrystal_i2c.o
                0x000000002000003a                dpFunction
 .bss.dpMode    0x000000002000003b        0x1 ./Core/Src/liquidcrystal_i2c.o
                0x000000002000003b                dpMode
 .bss.dpRows    0x000000002000003c        0x1 ./Core/Src/liquidcrystal_i2c.o
                0x000000002000003c                dpRows
 *fill*         0x000000002000003d        0x1 
 .bss.adc_value
                0x000000002000003e        0x2 ./Core/Src/main.o
 .bss.battery_voltage
                0x0000000020000040        0x4 ./Core/Src/main.o
                0x0000000020000040                battery_voltage
 .bss.direction
                0x0000000020000044        0x1 ./Core/Src/main.o
 *fill*         0x0000000020000045        0x3 
 .bss.encoderValue
                0x0000000020000048        0x4 ./Core/Src/main.o
 .bss.encoderValueOld
                0x000000002000004c        0x4 ./Core/Src/main.o
 .bss.frequency
                0x0000000020000050        0x4 ./Core/Src/main.o
 .bss.hadc1     0x0000000020000054       0x68 ./Core/Src/main.o
                0x0000000020000054                hadc1
 .bss.hi2c1     0x00000000200000bc       0x54 ./Core/Src/main.o
                0x00000000200000bc                hi2c1
 .bss.hspi1     0x0000000020000110       0x64 ./Core/Src/main.o
                0x0000000020000110                hspi1
 .bss.htim1     0x0000000020000174       0x4c ./Core/Src/main.o
                0x0000000020000174                htim1
 .bss.huart4    0x00000000200001c0       0x94 ./Core/Src/main.o
                0x00000000200001c0                huart4
 .bss.imp_currentstate
                0x0000000020000254        0x1 ./Core/Src/main.o
 .bss.wv_currentstate
                0x0000000020000255        0x1 ./Core/Src/main.o
 *fill*         0x0000000020000256        0x2 
 .bss.uwTick    0x0000000020000258        0x4 ./Drivers/STM32L5xx_HAL_Driver/Src/stm32l5xx_hal.o
                0x0000000020000258                uwTick
 *(COMMON)
                0x000000002000025c                . = ALIGN (0x4)
                0x000000002000025c                _ebss = .
                0x000000002000025c                __bss_end__ = _ebss

._user_heap_stack
                0x000000002000025c      0x604 load address 0x0000000008004fac
                0x0000000020000260                . = ALIGN (0x8)
 *fill*         0x000000002000025c        0x4 
                [!provide]                        PROVIDE (end = .)
                0x0000000020000260                PROVIDE (_end = .)
                0x0000000020000460                . = (. + _Min_Heap_Size)
 *fill*         0x0000000020000260      0x200 
                0x0000000020000860                . = (. + _Min_Stack_Size)
 *fill*         0x0000000020000460      0x400 
                0x0000000020000860                . = ALIGN (0x8)

/DISCARD/
 libc.a(*)
 libm.a(*)
 libgcc.a(*)

.ARM.attributes
                0x0000000000000000       0x36
 *(.ARM.attributes)
 .ARM.attributes
                0x0000000000000000       0x22 C:/ST/STM32CubeIDE_1.13.2/STM32CubeIDE/plugins/com.st.stm32cube.ide.mcu.externaltools.gnu-tools-for-stm32.11.3.rel1.win32_1.1.100.202309141235/tools/bin/../lib/gcc/arm-none-eabi/11.3.1/thumb/v8-m.main+fp/hard/crti.o
 .ARM.attributes
                0x0000000000000022       0x38 C:/ST/STM32CubeIDE_1.13.2/STM32CubeIDE/plugins/com.st.stm32cube.ide.mcu.externaltools.gnu-tools-for-stm32.11.3.rel1.win32_1.1.100.202309141235/tools/bin/../lib/gcc/arm-none-eabi/11.3.1/thumb/v8-m.main+fp/hard/crtbegin.o
 .ARM.attributes
                0x000000000000005a       0x3a ./Core/Src/AD9833.o
 .ARM.attributes
                0x0000000000000094       0x3a ./Core/Src/TPL0102.o
 .ARM.attributes
                0x00000000000000ce       0x3a ./Core/Src/liquidcrystal_i2c.o
 .ARM.attributes
                0x0000000000000108       0x3a ./Core/Src/main.o
 .ARM.attributes
                0x0000000000000142       0x3a ./Core/Src/stm32l5xx_hal_msp.o
 .ARM.attributes
                0x000000000000017c       0x3a ./Core/Src/stm32l5xx_it.o
 .ARM.attributes
                0x00000000000001b6       0x3a ./Core/Src/system_stm32l5xx.o
 .ARM.attributes
                0x00000000000001f0       0x24 ./Core/Startup/startup_stm32l562cetx.o
 .ARM.attributes
                0x0000000000000214       0x3a ./Drivers/STM32L5xx_HAL_Driver/Src/stm32l5xx_hal.o
 .ARM.attributes
                0x000000000000024e       0x3a ./Drivers/STM32L5xx_HAL_Driver/Src/stm32l5xx_hal_adc.o
 .ARM.attributes
                0x0000000000000288       0x3a ./Drivers/STM32L5xx_HAL_Driver/Src/stm32l5xx_hal_adc_ex.o
 .ARM.attributes
                0x00000000000002c2       0x3a ./Drivers/STM32L5xx_HAL_Driver/Src/stm32l5xx_hal_cortex.o
 .ARM.attributes
                0x00000000000002fc       0x3a ./Drivers/STM32L5xx_HAL_Driver/Src/stm32l5xx_hal_gpio.o
 .ARM.attributes
                0x0000000000000336       0x3a ./Drivers/STM32L5xx_HAL_Driver/Src/stm32l5xx_hal_i2c.o
 .ARM.attributes
                0x0000000000000370       0x3a ./Drivers/STM32L5xx_HAL_Driver/Src/stm32l5xx_hal_i2c_ex.o
 .ARM.attributes
                0x00000000000003aa       0x3a ./Drivers/STM32L5xx_HAL_Driver/Src/stm32l5xx_hal_pwr_ex.o
 .ARM.attributes
                0x00000000000003e4       0x3a ./Drivers/STM32L5xx_HAL_Driver/Src/stm32l5xx_hal_rcc.o
 .ARM.attributes
                0x000000000000041e       0x3a ./Drivers/STM32L5xx_HAL_Driver/Src/stm32l5xx_hal_rcc_ex.o
 .ARM.attributes
                0x0000000000000458       0x3a ./Drivers/STM32L5xx_HAL_Driver/Src/stm32l5xx_hal_spi.o
 .ARM.attributes
                0x0000000000000492       0x3a ./Drivers/STM32L5xx_HAL_Driver/Src/stm32l5xx_hal_tim.o
 .ARM.attributes
                0x00000000000004cc       0x3a ./Drivers/STM32L5xx_HAL_Driver/Src/stm32l5xx_hal_tim_ex.o
 .ARM.attributes
                0x0000000000000506       0x3a ./Drivers/STM32L5xx_HAL_Driver/Src/stm32l5xx_hal_uart.o
 .ARM.attributes
                0x0000000000000540       0x3a ./Drivers/STM32L5xx_HAL_Driver/Src/stm32l5xx_hal_uart_ex.o
 .ARM.attributes
                0x000000000000057a       0x38 C:/ST/STM32CubeIDE_1.13.2/STM32CubeIDE/plugins/com.st.stm32cube.ide.mcu.externaltools.gnu-tools-for-stm32.11.3.rel1.win32_1.1.100.202309141235/tools/bin/../lib/gcc/arm-none-eabi/11.3.1/../../../../arm-none-eabi/lib/thumb/v8-m.main+fp/hard\libc_nano.a(libc_a-memset.o)
 .ARM.attributes
                0x00000000000005b2       0x38 C:/ST/STM32CubeIDE_1.13.2/STM32CubeIDE/plugins/com.st.stm32cube.ide.mcu.externaltools.gnu-tools-for-stm32.11.3.rel1.win32_1.1.100.202309141235/tools/bin/../lib/gcc/arm-none-eabi/11.3.1/../../../../arm-none-eabi/lib/thumb/v8-m.main+fp/hard\libc_nano.a(libc_a-init.o)
 .ARM.attributes
                0x00000000000005ea       0x22 C:/ST/STM32CubeIDE_1.13.2/STM32CubeIDE/plugins/com.st.stm32cube.ide.mcu.externaltools.gnu-tools-for-stm32.11.3.rel1.win32_1.1.100.202309141235/tools/bin/../lib/gcc/arm-none-eabi/11.3.1/thumb/v8-m.main+fp/hard\libgcc.a(_aeabi_uldivmod.o)
 .ARM.attributes
                0x000000000000060c       0x38 C:/ST/STM32CubeIDE_1.13.2/STM32CubeIDE/plugins/com.st.stm32cube.ide.mcu.externaltools.gnu-tools-for-stm32.11.3.rel1.win32_1.1.100.202309141235/tools/bin/../lib/gcc/arm-none-eabi/11.3.1/thumb/v8-m.main+fp/hard\libgcc.a(_udivmoddi4.o)
 .ARM.attributes
                0x0000000000000644       0x22 C:/ST/STM32CubeIDE_1.13.2/STM32CubeIDE/plugins/com.st.stm32cube.ide.mcu.externaltools.gnu-tools-for-stm32.11.3.rel1.win32_1.1.100.202309141235/tools/bin/../lib/gcc/arm-none-eabi/11.3.1/thumb/v8-m.main+fp/hard\libgcc.a(_dvmd_tls.o)
 .ARM.attributes
                0x0000000000000666       0x22 C:/ST/STM32CubeIDE_1.13.2/STM32CubeIDE/plugins/com.st.stm32cube.ide.mcu.externaltools.gnu-tools-for-stm32.11.3.rel1.win32_1.1.100.202309141235/tools/bin/../lib/gcc/arm-none-eabi/11.3.1/thumb/v8-m.main+fp/hard/crtn.o
OUTPUT(PortableGenerator.elf elf32-littlearm)
LOAD linker stubs
LOAD C:/ST/STM32CubeIDE_1.13.2/STM32CubeIDE/plugins/com.st.stm32cube.ide.mcu.externaltools.gnu-tools-for-stm32.11.3.rel1.win32_1.1.100.202309141235/tools/bin/../lib/gcc/arm-none-eabi/11.3.1/../../../../arm-none-eabi/lib/thumb/v8-m.main+fp/hard\libc.a
LOAD C:/ST/STM32CubeIDE_1.13.2/STM32CubeIDE/plugins/com.st.stm32cube.ide.mcu.externaltools.gnu-tools-for-stm32.11.3.rel1.win32_1.1.100.202309141235/tools/bin/../lib/gcc/arm-none-eabi/11.3.1/../../../../arm-none-eabi/lib/thumb/v8-m.main+fp/hard\libm.a
LOAD C:/ST/STM32CubeIDE_1.13.2/STM32CubeIDE/plugins/com.st.stm32cube.ide.mcu.externaltools.gnu-tools-for-stm32.11.3.rel1.win32_1.1.100.202309141235/tools/bin/../lib/gcc/arm-none-eabi/11.3.1/thumb/v8-m.main+fp/hard\libgcc.a

.comment        0x0000000000000000       0x43
 .comment       0x0000000000000000       0x43 C:/ST/STM32CubeIDE_1.13.2/STM32CubeIDE/plugins/com.st.stm32cube.ide.mcu.externaltools.gnu-tools-for-stm32.11.3.rel1.win32_1.1.100.202309141235/tools/bin/../lib/gcc/arm-none-eabi/11.3.1/thumb/v8-m.main+fp/hard/crtbegin.o
                                         0x44 (size before relaxing)
 .comment       0x0000000000000043       0x44 ./Core/Src/AD9833.o
 .comment       0x0000000000000043       0x44 ./Core/Src/TPL0102.o
 .comment       0x0000000000000043       0x44 ./Core/Src/liquidcrystal_i2c.o
 .comment       0x0000000000000043       0x44 ./Core/Src/main.o
 .comment       0x0000000000000043       0x44 ./Core/Src/stm32l5xx_hal_msp.o
 .comment       0x0000000000000043       0x44 ./Core/Src/stm32l5xx_it.o
 .comment       0x0000000000000043       0x44 ./Core/Src/system_stm32l5xx.o
 .comment       0x0000000000000043       0x44 ./Drivers/STM32L5xx_HAL_Driver/Src/stm32l5xx_hal.o
 .comment       0x0000000000000043       0x44 ./Drivers/STM32L5xx_HAL_Driver/Src/stm32l5xx_hal_adc.o
 .comment       0x0000000000000043       0x44 ./Drivers/STM32L5xx_HAL_Driver/Src/stm32l5xx_hal_adc_ex.o
 .comment       0x0000000000000043       0x44 ./Drivers/STM32L5xx_HAL_Driver/Src/stm32l5xx_hal_cortex.o
 .comment       0x0000000000000043       0x44 ./Drivers/STM32L5xx_HAL_Driver/Src/stm32l5xx_hal_gpio.o
 .comment       0x0000000000000043       0x44 ./Drivers/STM32L5xx_HAL_Driver/Src/stm32l5xx_hal_i2c.o
 .comment       0x0000000000000043       0x44 ./Drivers/STM32L5xx_HAL_Driver/Src/stm32l5xx_hal_i2c_ex.o
 .comment       0x0000000000000043       0x44 ./Drivers/STM32L5xx_HAL_Driver/Src/stm32l5xx_hal_pwr_ex.o
 .comment       0x0000000000000043       0x44 ./Drivers/STM32L5xx_HAL_Driver/Src/stm32l5xx_hal_rcc.o
 .comment       0x0000000000000043       0x44 ./Drivers/STM32L5xx_HAL_Driver/Src/stm32l5xx_hal_rcc_ex.o
 .comment       0x0000000000000043       0x44 ./Drivers/STM32L5xx_HAL_Driver/Src/stm32l5xx_hal_spi.o
 .comment       0x0000000000000043       0x44 ./Drivers/STM32L5xx_HAL_Driver/Src/stm32l5xx_hal_tim.o
 .comment       0x0000000000000043       0x44 ./Drivers/STM32L5xx_HAL_Driver/Src/stm32l5xx_hal_tim_ex.o
 .comment       0x0000000000000043       0x44 ./Drivers/STM32L5xx_HAL_Driver/Src/stm32l5xx_hal_uart.o
 .comment       0x0000000000000043       0x44 ./Drivers/STM32L5xx_HAL_Driver/Src/stm32l5xx_hal_uart_ex.o

.debug_info     0x0000000000000000    0x28e4f
 .debug_info    0x0000000000000000      0x822 ./Core/Src/AD9833.o
 .debug_info    0x0000000000000822      0x90c ./Core/Src/TPL0102.o
 .debug_info    0x000000000000112e     0x14d4 ./Core/Src/liquidcrystal_i2c.o
 .debug_info    0x0000000000002602     0x2c02 ./Core/Src/main.o
 .debug_info    0x0000000000005204     0x251a ./Core/Src/stm32l5xx_hal_msp.o
 .debug_info    0x000000000000771e      0xcde ./Core/Src/stm32l5xx_it.o
 .debug_info    0x00000000000083fc      0x800 ./Core/Src/system_stm32l5xx.o
 .debug_info    0x0000000000008bfc       0x23 ./Core/Startup/startup_stm32l562cetx.o
 .debug_info    0x0000000000008c1f      0xded ./Drivers/STM32L5xx_HAL_Driver/Src/stm32l5xx_hal.o
 .debug_info    0x0000000000009a0c     0x34b8 ./Drivers/STM32L5xx_HAL_Driver/Src/stm32l5xx_hal_adc.o
 .debug_info    0x000000000000cec4     0x2df0 ./Drivers/STM32L5xx_HAL_Driver/Src/stm32l5xx_hal_adc_ex.o
 .debug_info    0x000000000000fcb4     0x1319 ./Drivers/STM32L5xx_HAL_Driver/Src/stm32l5xx_hal_cortex.o
 .debug_info    0x0000000000010fcd      0x628 ./Drivers/STM32L5xx_HAL_Driver/Src/stm32l5xx_hal_gpio.o
 .debug_info    0x00000000000115f5     0x4192 ./Drivers/STM32L5xx_HAL_Driver/Src/stm32l5xx_hal_i2c.o
 .debug_info    0x0000000000015787      0xc01 ./Drivers/STM32L5xx_HAL_Driver/Src/stm32l5xx_hal_i2c_ex.o
 .debug_info    0x0000000000016388      0xe6b ./Drivers/STM32L5xx_HAL_Driver/Src/stm32l5xx_hal_pwr_ex.o
 .debug_info    0x00000000000171f3     0x127b ./Drivers/STM32L5xx_HAL_Driver/Src/stm32l5xx_hal_rcc.o
 .debug_info    0x000000000001846e     0x1637 ./Drivers/STM32L5xx_HAL_Driver/Src/stm32l5xx_hal_rcc_ex.o
 .debug_info    0x0000000000019aa5     0x21a2 ./Drivers/STM32L5xx_HAL_Driver/Src/stm32l5xx_hal_spi.o
 .debug_info    0x000000000001bc47     0x3dcd ./Drivers/STM32L5xx_HAL_Driver/Src/stm32l5xx_hal_tim.o
 .debug_info    0x000000000001fa14     0x1f34 ./Drivers/STM32L5xx_HAL_Driver/Src/stm32l5xx_hal_tim_ex.o
 .debug_info    0x0000000000021948     0x62a6 ./Drivers/STM32L5xx_HAL_Driver/Src/stm32l5xx_hal_uart.o
 .debug_info    0x0000000000027bee     0x1261 ./Drivers/STM32L5xx_HAL_Driver/Src/stm32l5xx_hal_uart_ex.o

.debug_abbrev   0x0000000000000000     0x3a0a
 .debug_abbrev  0x0000000000000000      0x1d9 ./Core/Src/AD9833.o
 .debug_abbrev  0x00000000000001d9      0x1ab ./Core/Src/TPL0102.o
 .debug_abbrev  0x0000000000000384      0x342 ./Core/Src/liquidcrystal_i2c.o
 .debug_abbrev  0x00000000000006c6      0x404 ./Core/Src/main.o
 .debug_abbrev  0x0000000000000aca      0x2a1 ./Core/Src/stm32l5xx_hal_msp.o
 .debug_abbrev  0x0000000000000d6b      0x1b1 ./Core/Src/stm32l5xx_it.o
 .debug_abbrev  0x0000000000000f1c      0x131 ./Core/Src/system_stm32l5xx.o
 .debug_abbrev  0x000000000000104d       0x12 ./Core/Startup/startup_stm32l562cetx.o
 .debug_abbrev  0x000000000000105f      0x2bd ./Drivers/STM32L5xx_HAL_Driver/Src/stm32l5xx_hal.o
 .debug_abbrev  0x000000000000131c      0x2ed ./Drivers/STM32L5xx_HAL_Driver/Src/stm32l5xx_hal_adc.o
 .debug_abbrev  0x0000000000001609      0x392 ./Drivers/STM32L5xx_HAL_Driver/Src/stm32l5xx_hal_adc_ex.o
 .debug_abbrev  0x000000000000199b      0x3c4 ./Drivers/STM32L5xx_HAL_Driver/Src/stm32l5xx_hal_cortex.o
 .debug_abbrev  0x0000000000001d5f      0x1f3 ./Drivers/STM32L5xx_HAL_Driver/Src/stm32l5xx_hal_gpio.o
 .debug_abbrev  0x0000000000001f52      0x293 ./Drivers/STM32L5xx_HAL_Driver/Src/stm32l5xx_hal_i2c.o
 .debug_abbrev  0x00000000000021e5      0x1e7 ./Drivers/STM32L5xx_HAL_Driver/Src/stm32l5xx_hal_i2c_ex.o
 .debug_abbrev  0x00000000000023cc      0x2a5 ./Drivers/STM32L5xx_HAL_Driver/Src/stm32l5xx_hal_pwr_ex.o
 .debug_abbrev  0x0000000000002671      0x2c9 ./Drivers/STM32L5xx_HAL_Driver/Src/stm32l5xx_hal_rcc.o
 .debug_abbrev  0x000000000000293a      0x2ce ./Drivers/STM32L5xx_HAL_Driver/Src/stm32l5xx_hal_rcc_ex.o
 .debug_abbrev  0x0000000000002c08      0x27d ./Drivers/STM32L5xx_HAL_Driver/Src/stm32l5xx_hal_spi.o
 .debug_abbrev  0x0000000000002e85      0x272 ./Drivers/STM32L5xx_HAL_Driver/Src/stm32l5xx_hal_tim.o
 .debug_abbrev  0x00000000000030f7      0x285 ./Drivers/STM32L5xx_HAL_Driver/Src/stm32l5xx_hal_tim_ex.o
 .debug_abbrev  0x000000000000337c      0x351 ./Drivers/STM32L5xx_HAL_Driver/Src/stm32l5xx_hal_uart.o
 .debug_abbrev  0x00000000000036cd      0x33d ./Drivers/STM32L5xx_HAL_Driver/Src/stm32l5xx_hal_uart_ex.o

.debug_loclists
                0x0000000000000000    0x1367b
 .debug_loclists
                0x0000000000000000       0xf3 ./Core/Src/AD9833.o
 .debug_loclists
                0x00000000000000f3       0xb2 ./Core/Src/TPL0102.o
 .debug_loclists
                0x00000000000001a5      0x204 ./Core/Src/liquidcrystal_i2c.o
 .debug_loclists
                0x00000000000003a9       0xe3 ./Core/Src/main.o
 .debug_loclists
                0x000000000000048c      0x19b ./Core/Src/stm32l5xx_hal_msp.o
 .debug_loclists
                0x0000000000000627       0xb5 ./Core/Src/system_stm32l5xx.o
 .debug_loclists
                0x00000000000006dc      0x1b5 ./Drivers/STM32L5xx_HAL_Driver/Src/stm32l5xx_hal.o
 .debug_loclists
                0x0000000000000891     0x18a1 ./Drivers/STM32L5xx_HAL_Driver/Src/stm32l5xx_hal_adc.o
 .debug_loclists
                0x0000000000002132     0x1620 ./Drivers/STM32L5xx_HAL_Driver/Src/stm32l5xx_hal_adc_ex.o
 .debug_loclists
                0x0000000000003752      0x57b ./Drivers/STM32L5xx_HAL_Driver/Src/stm32l5xx_hal_cortex.o
 .debug_loclists
                0x0000000000003ccd      0x24c ./Drivers/STM32L5xx_HAL_Driver/Src/stm32l5xx_hal_gpio.o
 .debug_loclists
                0x0000000000003f19     0x31ad ./Drivers/STM32L5xx_HAL_Driver/Src/stm32l5xx_hal_i2c.o
 .debug_loclists
                0x00000000000070c6      0x11d ./Drivers/STM32L5xx_HAL_Driver/Src/stm32l5xx_hal_i2c_ex.o
 .debug_loclists
                0x00000000000071e3      0x60b ./Drivers/STM32L5xx_HAL_Driver/Src/stm32l5xx_hal_pwr_ex.o
 .debug_loclists
                0x00000000000077ee      0x711 ./Drivers/STM32L5xx_HAL_Driver/Src/stm32l5xx_hal_rcc.o
 .debug_loclists
                0x0000000000007eff     0x18e9 ./Drivers/STM32L5xx_HAL_Driver/Src/stm32l5xx_hal_rcc_ex.o
 .debug_loclists
                0x00000000000097e8     0x1567 ./Drivers/STM32L5xx_HAL_Driver/Src/stm32l5xx_hal_spi.o
 .debug_loclists
                0x000000000000ad4f     0x357e ./Drivers/STM32L5xx_HAL_Driver/Src/stm32l5xx_hal_tim.o
 .debug_loclists
                0x000000000000e2cd     0x17af ./Drivers/STM32L5xx_HAL_Driver/Src/stm32l5xx_hal_tim_ex.o
 .debug_loclists
                0x000000000000fa7c     0x34b3 ./Drivers/STM32L5xx_HAL_Driver/Src/stm32l5xx_hal_uart.o
 .debug_loclists
                0x0000000000012f2f      0x74c ./Drivers/STM32L5xx_HAL_Driver/Src/stm32l5xx_hal_uart_ex.o

.debug_aranges  0x0000000000000000     0x1818
 .debug_aranges
                0x0000000000000000       0x30 ./Core/Src/AD9833.o
 .debug_aranges
                0x0000000000000030       0x30 ./Core/Src/TPL0102.o
 .debug_aranges
                0x0000000000000060      0x110 ./Core/Src/liquidcrystal_i2c.o
 .debug_aranges
                0x0000000000000170       0xa0 ./Core/Src/main.o
 .debug_aranges
                0x0000000000000210       0x70 ./Core/Src/stm32l5xx_hal_msp.o
 .debug_aranges
                0x0000000000000280       0x78 ./Core/Src/stm32l5xx_it.o
 .debug_aranges
                0x00000000000002f8       0x28 ./Core/Src/system_stm32l5xx.o
 .debug_aranges
                0x0000000000000320       0x28 ./Core/Startup/startup_stm32l562cetx.o
 .debug_aranges
                0x0000000000000348      0x130 ./Drivers/STM32L5xx_HAL_Driver/Src/stm32l5xx_hal.o
 .debug_aranges
                0x0000000000000478       0xf8 ./Drivers/STM32L5xx_HAL_Driver/Src/stm32l5xx_hal_adc.o
 .debug_aranges
                0x0000000000000570       0xf0 ./Drivers/STM32L5xx_HAL_Driver/Src/stm32l5xx_hal_adc_ex.o
 .debug_aranges
                0x0000000000000660       0xc0 ./Drivers/STM32L5xx_HAL_Driver/Src/stm32l5xx_hal_cortex.o
 .debug_aranges
                0x0000000000000720       0x60 ./Drivers/STM32L5xx_HAL_Driver/Src/stm32l5xx_hal_gpio.o
 .debug_aranges
                0x0000000000000780      0x2a0 ./Drivers/STM32L5xx_HAL_Driver/Src/stm32l5xx_hal_i2c.o
 .debug_aranges
                0x0000000000000a20       0x48 ./Drivers/STM32L5xx_HAL_Driver/Src/stm32l5xx_hal_i2c_ex.o
 .debug_aranges
                0x0000000000000a68      0x1b8 ./Drivers/STM32L5xx_HAL_Driver/Src/stm32l5xx_hal_pwr_ex.o
 .debug_aranges
                0x0000000000000c20       0xa8 ./Drivers/STM32L5xx_HAL_Driver/Src/stm32l5xx_hal_rcc.o
 .debug_aranges
                0x0000000000000cc8      0x118 ./Drivers/STM32L5xx_HAL_Driver/Src/stm32l5xx_hal_rcc_ex.o
 .debug_aranges
                0x0000000000000de0      0x1d8 ./Drivers/STM32L5xx_HAL_Driver/Src/stm32l5xx_hal_spi.o
 .debug_aranges
                0x0000000000000fb8      0x3e0 ./Drivers/STM32L5xx_HAL_Driver/Src/stm32l5xx_hal_tim.o
 .debug_aranges
                0x0000000000001398      0x190 ./Drivers/STM32L5xx_HAL_Driver/Src/stm32l5xx_hal_tim_ex.o
 .debug_aranges
                0x0000000000001528      0x248 ./Drivers/STM32L5xx_HAL_Driver/Src/stm32l5xx_hal_uart.o
 .debug_aranges
                0x0000000000001770       0xa8 ./Drivers/STM32L5xx_HAL_Driver/Src/stm32l5xx_hal_uart_ex.o

.debug_rnglists
                0x0000000000000000     0x1468
 .debug_rnglists
                0x0000000000000000       0x1f ./Core/Src/AD9833.o
 .debug_rnglists
                0x000000000000001f       0x1f ./Core/Src/TPL0102.o
 .debug_rnglists
                0x000000000000003e       0xc8 ./Core/Src/liquidcrystal_i2c.o
 .debug_rnglists
                0x0000000000000106       0x9e ./Core/Src/main.o
 .debug_rnglists
                0x00000000000001a4       0x53 ./Core/Src/stm32l5xx_hal_msp.o
 .debug_rnglists
                0x00000000000001f7       0x55 ./Core/Src/stm32l5xx_it.o
 .debug_rnglists
                0x000000000000024c       0x1a ./Core/Src/system_stm32l5xx.o
 .debug_rnglists
                0x0000000000000266       0x19 ./Core/Startup/startup_stm32l562cetx.o
 .debug_rnglists
                0x000000000000027f       0xdf ./Drivers/STM32L5xx_HAL_Driver/Src/stm32l5xx_hal.o
 .debug_rnglists
                0x000000000000035e      0x1a8 ./Drivers/STM32L5xx_HAL_Driver/Src/stm32l5xx_hal_adc.o
 .debug_rnglists
                0x0000000000000506      0x149 ./Drivers/STM32L5xx_HAL_Driver/Src/stm32l5xx_hal_adc_ex.o
 .debug_rnglists
                0x000000000000064f       0xbb ./Drivers/STM32L5xx_HAL_Driver/Src/stm32l5xx_hal_cortex.o
 .debug_rnglists
                0x000000000000070a       0x45 ./Drivers/STM32L5xx_HAL_Driver/Src/stm32l5xx_hal_gpio.o
 .debug_rnglists
                0x000000000000074f      0x21d ./Drivers/STM32L5xx_HAL_Driver/Src/stm32l5xx_hal_i2c.o
 .debug_rnglists
                0x000000000000096c       0x31 ./Drivers/STM32L5xx_HAL_Driver/Src/stm32l5xx_hal_i2c_ex.o
 .debug_rnglists
                0x000000000000099d      0x14d ./Drivers/STM32L5xx_HAL_Driver/Src/stm32l5xx_hal_pwr_ex.o
 .debug_rnglists
                0x0000000000000aea       0x8f ./Drivers/STM32L5xx_HAL_Driver/Src/stm32l5xx_hal_rcc.o
 .debug_rnglists
                0x0000000000000b79       0xe8 ./Drivers/STM32L5xx_HAL_Driver/Src/stm32l5xx_hal_rcc_ex.o
 .debug_rnglists
                0x0000000000000c61      0x171 ./Drivers/STM32L5xx_HAL_Driver/Src/stm32l5xx_hal_spi.o
 .debug_rnglists
                0x0000000000000dd2      0x313 ./Drivers/STM32L5xx_HAL_Driver/Src/stm32l5xx_hal_tim.o
 .debug_rnglists
                0x00000000000010e5      0x13c ./Drivers/STM32L5xx_HAL_Driver/Src/stm32l5xx_hal_tim_ex.o
 .debug_rnglists
                0x0000000000001221      0x1cb ./Drivers/STM32L5xx_HAL_Driver/Src/stm32l5xx_hal_uart.o
 .debug_rnglists
                0x00000000000013ec       0x7c ./Drivers/STM32L5xx_HAL_Driver/Src/stm32l5xx_hal_uart_ex.o

.debug_macro    0x0000000000000000    0x2ce97
 .debug_macro   0x0000000000000000      0x237 ./Core/Src/AD9833.o
 .debug_macro   0x0000000000000237      0xaae ./Core/Src/AD9833.o
 .debug_macro   0x0000000000000ce5      0x1a2 ./Core/Src/AD9833.o
 .debug_macro   0x0000000000000e87       0x2e ./Core/Src/AD9833.o
 .debug_macro   0x0000000000000eb5       0x42 ./Core/Src/AD9833.o
 .debug_macro   0x0000000000000ef7       0x22 ./Core/Src/AD9833.o
 .debug_macro   0x0000000000000f19       0x8e ./Core/Src/AD9833.o
 .debug_macro   0x0000000000000fa7       0x51 ./Core/Src/AD9833.o
 .debug_macro   0x0000000000000ff8      0x103 ./Core/Src/AD9833.o
 .debug_macro   0x00000000000010fb       0x6a ./Core/Src/AD9833.o
 .debug_macro   0x0000000000001165      0x1df ./Core/Src/AD9833.o
 .debug_macro   0x0000000000001344       0x1c ./Core/Src/AD9833.o
 .debug_macro   0x0000000000001360       0x29 ./Core/Src/AD9833.o
 .debug_macro   0x0000000000001389       0xfb ./Core/Src/AD9833.o
 .debug_macro   0x0000000000001484     0x1336 ./Core/Src/AD9833.o
 .debug_macro   0x00000000000027ba       0x5e ./Core/Src/AD9833.o
 .debug_macro   0x0000000000002818    0x1bca6 ./Core/Src/AD9833.o
 .debug_macro   0x000000000001e4be       0x6c ./Core/Src/AD9833.o
 .debug_macro   0x000000000001e52a     0x3535 ./Core/Src/AD9833.o
 .debug_macro   0x0000000000021a5f      0x174 ./Core/Src/AD9833.o
 .debug_macro   0x0000000000021bd3       0x5c ./Core/Src/AD9833.o
 .debug_macro   0x0000000000021c2f     0x19cd ./Core/Src/AD9833.o
 .debug_macro   0x00000000000235fc      0xa52 ./Core/Src/AD9833.o
 .debug_macro   0x000000000002404e      0x1cf ./Core/Src/AD9833.o
 .debug_macro   0x000000000002421d      0x1d8 ./Core/Src/AD9833.o
 .debug_macro   0x00000000000243f5      0x4e1 ./Core/Src/AD9833.o
 .debug_macro   0x00000000000248d6      0x1ab ./Core/Src/AD9833.o
 .debug_macro   0x0000000000024a81       0x4a ./Core/Src/AD9833.o
 .debug_macro   0x0000000000024acb      0x1b9 ./Core/Src/AD9833.o
 .debug_macro   0x0000000000024c84      0xecd ./Core/Src/AD9833.o
 .debug_macro   0x0000000000025b51      0x608 ./Core/Src/AD9833.o
 .debug_macro   0x0000000000026159      0x2e9 ./Core/Src/AD9833.o
 .debug_macro   0x0000000000026442      0x230 ./Core/Src/AD9833.o
 .debug_macro   0x0000000000026672      0x3bb ./Core/Src/AD9833.o
 .debug_macro   0x0000000000026a2d       0x36 ./Core/Src/AD9833.o
 .debug_macro   0x0000000000026a63      0x11c ./Core/Src/AD9833.o
 .debug_macro   0x0000000000026b7f      0x22c ./Core/Src/AD9833.o
 .debug_macro   0x0000000000026dab       0x5b ./Core/Src/AD9833.o
 .debug_macro   0x0000000000026e06       0xa5 ./Core/Src/AD9833.o
 .debug_macro   0x0000000000026eab       0xc8 ./Core/Src/AD9833.o
 .debug_macro   0x0000000000026f73      0x199 ./Core/Src/AD9833.o
 .debug_macro   0x000000000002710c      0x487 ./Core/Src/AD9833.o
 .debug_macro   0x0000000000027593      0x2fe ./Core/Src/AD9833.o
 .debug_macro   0x0000000000027891      0xab4 ./Core/Src/AD9833.o
 .debug_macro   0x0000000000028345      0x184 ./Core/Src/AD9833.o
 .debug_macro   0x00000000000284c9      0x693 ./Core/Src/AD9833.o
 .debug_macro   0x0000000000028b5c       0xa6 ./Core/Src/AD9833.o
 .debug_macro   0x0000000000028c02      0x3f1 ./Core/Src/AD9833.o
 .debug_macro   0x0000000000028ff3       0x28 ./Core/Src/AD9833.o
 .debug_macro   0x000000000002901b      0x237 ./Core/Src/TPL0102.o
 .debug_macro   0x0000000000029252       0x16 ./Core/Src/TPL0102.o
 .debug_macro   0x0000000000029268      0x237 ./Core/Src/liquidcrystal_i2c.o
 .debug_macro   0x000000000002949f       0xd0 ./Core/Src/liquidcrystal_i2c.o
 .debug_macro   0x000000000002956f      0x36d ./Core/Src/main.o
 .debug_macro   0x00000000000298dc       0x4c ./Core/Src/main.o
 .debug_macro   0x0000000000029928       0x61 ./Core/Src/main.o
 .debug_macro   0x0000000000029989       0x2a ./Core/Src/main.o
 .debug_macro   0x00000000000299b3       0x43 ./Core/Src/main.o
 .debug_macro   0x00000000000299f6       0x34 ./Core/Src/main.o
 .debug_macro   0x0000000000029a2a       0x16 ./Core/Src/main.o
 .debug_macro   0x0000000000029a40       0x43 ./Core/Src/main.o
 .debug_macro   0x0000000000029a83       0x34 ./Core/Src/main.o
 .debug_macro   0x0000000000029ab7       0x10 ./Core/Src/main.o
 .debug_macro   0x0000000000029ac7       0x58 ./Core/Src/main.o
 .debug_macro   0x0000000000029b1f       0x8e ./Core/Src/main.o
 .debug_macro   0x0000000000029bad       0x1c ./Core/Src/main.o
 .debug_macro   0x0000000000029bc9      0x177 ./Core/Src/main.o
 .debug_macro   0x0000000000029d40      0x369 ./Core/Src/main.o
 .debug_macro   0x000000000002a0a9       0x10 ./Core/Src/main.o
 .debug_macro   0x000000000002a0b9       0x35 ./Core/Src/main.o
 .debug_macro   0x000000000002a0ee       0x20 ./Core/Src/main.o
 .debug_macro   0x000000000002a10e       0x1c ./Core/Src/main.o
 .debug_macro   0x000000000002a12a       0x10 ./Core/Src/main.o
 .debug_macro   0x000000000002a13a       0x1c ./Core/Src/main.o
 .debug_macro   0x000000000002a156       0x16 ./Core/Src/main.o
 .debug_macro   0x000000000002a16c      0x147 ./Core/Src/main.o
 .debug_macro   0x000000000002a2b3      0x19b ./Core/Src/main.o
 .debug_macro   0x000000000002a44e       0xd6 ./Core/Src/main.o
 .debug_macro   0x000000000002a524       0x2e ./Core/Src/main.o
 .debug_macro   0x000000000002a552       0x1c ./Core/Src/main.o
 .debug_macro   0x000000000002a56e      0x237 ./Core/Src/stm32l5xx_hal_msp.o
 .debug_macro   0x000000000002a7a5      0x241 ./Core/Src/stm32l5xx_it.o
 .debug_macro   0x000000000002a9e6      0x228 ./Core/Src/system_stm32l5xx.o
 .debug_macro   0x000000000002ac0e      0x258 ./Drivers/STM32L5xx_HAL_Driver/Src/stm32l5xx_hal.o
 .debug_macro   0x000000000002ae66      0x245 ./Drivers/STM32L5xx_HAL_Driver/Src/stm32l5xx_hal_adc.o
 .debug_macro   0x000000000002b0ab      0x234 ./Drivers/STM32L5xx_HAL_Driver/Src/stm32l5xx_hal_adc_ex.o
 .debug_macro   0x000000000002b2df      0x228 ./Drivers/STM32L5xx_HAL_Driver/Src/stm32l5xx_hal_cortex.o
 .debug_macro   0x000000000002b507      0x22e ./Drivers/STM32L5xx_HAL_Driver/Src/stm32l5xx_hal_gpio.o
 .debug_macro   0x000000000002b735      0x2f4 ./Drivers/STM32L5xx_HAL_Driver/Src/stm32l5xx_hal_i2c.o
 .debug_macro   0x000000000002ba29      0x228 ./Drivers/STM32L5xx_HAL_Driver/Src/stm32l5xx_hal_i2c_ex.o
 .debug_macro   0x000000000002bc51      0x258 ./Drivers/STM32L5xx_HAL_Driver/Src/stm32l5xx_hal_pwr_ex.o
 .debug_macro   0x000000000002bea9      0x252 ./Drivers/STM32L5xx_HAL_Driver/Src/stm32l5xx_hal_rcc.o
 .debug_macro   0x000000000002c0fb      0x28e ./Drivers/STM32L5xx_HAL_Driver/Src/stm32l5xx_hal_rcc_ex.o
 .debug_macro   0x000000000002c389      0x230 ./Drivers/STM32L5xx_HAL_Driver/Src/stm32l5xx_hal_spi.o
 .debug_macro   0x000000000002c5b9      0x229 ./Drivers/STM32L5xx_HAL_Driver/Src/stm32l5xx_hal_tim.o
 .debug_macro   0x000000000002c7e2      0x22e ./Drivers/STM32L5xx_HAL_Driver/Src/stm32l5xx_hal_tim_ex.o
 .debug_macro   0x000000000002ca10      0x253 ./Drivers/STM32L5xx_HAL_Driver/Src/stm32l5xx_hal_uart.o
 .debug_macro   0x000000000002cc63      0x234 ./Drivers/STM32L5xx_HAL_Driver/Src/stm32l5xx_hal_uart_ex.o

.debug_line     0x0000000000000000    0x29e00
 .debug_line    0x0000000000000000      0x880 ./Core/Src/AD9833.o
 .debug_line    0x0000000000000880      0x869 ./Core/Src/TPL0102.o
 .debug_line    0x00000000000010e9      0xd29 ./Core/Src/liquidcrystal_i2c.o
 .debug_line    0x0000000000001e12     0x117f ./Core/Src/main.o
 .debug_line    0x0000000000002f91      0xbd7 ./Core/Src/stm32l5xx_hal_msp.o
 .debug_line    0x0000000000003b68      0x978 ./Core/Src/stm32l5xx_it.o
 .debug_line    0x00000000000044e0      0x92a ./Core/Src/system_stm32l5xx.o
 .debug_line    0x0000000000004e0a       0x79 ./Core/Startup/startup_stm32l562cetx.o
 .debug_line    0x0000000000004e83      0xd05 ./Drivers/STM32L5xx_HAL_Driver/Src/stm32l5xx_hal.o
 .debug_line    0x0000000000005b88     0x2a41 ./Drivers/STM32L5xx_HAL_Driver/Src/stm32l5xx_hal_adc.o
 .debug_line    0x00000000000085c9     0x2481 ./Drivers/STM32L5xx_HAL_Driver/Src/stm32l5xx_hal_adc_ex.o
 .debug_line    0x000000000000aa4a      0xe6e ./Drivers/STM32L5xx_HAL_Driver/Src/stm32l5xx_hal_cortex.o
 .debug_line    0x000000000000b8b8      0xd24 ./Drivers/STM32L5xx_HAL_Driver/Src/stm32l5xx_hal_gpio.o
 .debug_line    0x000000000000c5dc     0x550b ./Drivers/STM32L5xx_HAL_Driver/Src/stm32l5xx_hal_i2c.o
 .debug_line    0x0000000000011ae7      0xb3b ./Drivers/STM32L5xx_HAL_Driver/Src/stm32l5xx_hal_i2c_ex.o
 .debug_line    0x0000000000012622     0x12c8 ./Drivers/STM32L5xx_HAL_Driver/Src/stm32l5xx_hal_pwr_ex.o
 .debug_line    0x00000000000138ea     0x190f ./Drivers/STM32L5xx_HAL_Driver/Src/stm32l5xx_hal_rcc.o
 .debug_line    0x00000000000151f9     0x2459 ./Drivers/STM32L5xx_HAL_Driver/Src/stm32l5xx_hal_rcc_ex.o
 .debug_line    0x0000000000017652     0x2f09 ./Drivers/STM32L5xx_HAL_Driver/Src/stm32l5xx_hal_spi.o
 .debug_line    0x000000000001a55b     0x552f ./Drivers/STM32L5xx_HAL_Driver/Src/stm32l5xx_hal_tim.o
 .debug_line    0x000000000001fa8a     0x2705 ./Drivers/STM32L5xx_HAL_Driver/Src/stm32l5xx_hal_tim_ex.o
 .debug_line    0x000000000002218f     0x69d9 ./Drivers/STM32L5xx_HAL_Driver/Src/stm32l5xx_hal_uart.o
 .debug_line    0x0000000000028b68     0x1298 ./Drivers/STM32L5xx_HAL_Driver/Src/stm32l5xx_hal_uart_ex.o

.debug_str      0x0000000000000000   0x1248f1
 .debug_str     0x0000000000000000   0x117ee7 ./Core/Src/AD9833.o
                                     0x11842c (size before relaxing)
 .debug_str     0x0000000000117ee7      0x31a ./Core/Src/TPL0102.o
                                     0x11846d (size before relaxing)
 .debug_str     0x0000000000118201      0x82e ./Core/Src/liquidcrystal_i2c.o
                                     0x118c4b (size before relaxing)
 .debug_str     0x0000000000118a2f     0x4fa7 ./Core/Src/main.o
                                     0x11dbc3 (size before relaxing)
 .debug_str     0x000000000011d9d6      0xa3c ./Core/Src/stm32l5xx_hal_msp.o
                                     0x119b35 (size before relaxing)
 .debug_str     0x000000000011e412      0x127 ./Core/Src/stm32l5xx_it.o
                                     0x1188e8 (size before relaxing)
 .debug_str     0x000000000011e539      0x172 ./Core/Src/system_stm32l5xx.o
                                     0x1180ee (size before relaxing)
 .debug_str     0x000000000011e6ab       0x34 ./Core/Startup/startup_stm32l562cetx.o
                                         0x79 (size before relaxing)
 .debug_str     0x000000000011e6df      0x585 ./Drivers/STM32L5xx_HAL_Driver/Src/stm32l5xx_hal.o
                                     0x118c84 (size before relaxing)
 .debug_str     0x000000000011ec64      0xa4b ./Drivers/STM32L5xx_HAL_Driver/Src/stm32l5xx_hal_adc.o
                                     0x118f89 (size before relaxing)
 .debug_str     0x000000000011f6af      0x665 ./Drivers/STM32L5xx_HAL_Driver/Src/stm32l5xx_hal_adc_ex.o
                                     0x118f44 (size before relaxing)
 .debug_str     0x000000000011fd14      0x392 ./Drivers/STM32L5xx_HAL_Driver/Src/stm32l5xx_hal_cortex.o
                                     0x118a8b (size before relaxing)
 .debug_str     0x00000000001200a6      0x16c ./Drivers/STM32L5xx_HAL_Driver/Src/stm32l5xx_hal_gpio.o
                                     0x118077 (size before relaxing)
 .debug_str     0x0000000000120212      0xd99 ./Drivers/STM32L5xx_HAL_Driver/Src/stm32l5xx_hal_i2c.o
                                     0x119310 (size before relaxing)
 .debug_str     0x0000000000120fab       0xb8 ./Drivers/STM32L5xx_HAL_Driver/Src/stm32l5xx_hal_i2c_ex.o
                                     0x1186db (size before relaxing)
 .debug_str     0x0000000000121063      0x6fd ./Drivers/STM32L5xx_HAL_Driver/Src/stm32l5xx_hal_pwr_ex.o
                                     0x118853 (size before relaxing)
 .debug_str     0x0000000000121760      0x3ef ./Drivers/STM32L5xx_HAL_Driver/Src/stm32l5xx_hal_rcc.o
                                     0x118708 (size before relaxing)
 .debug_str     0x0000000000121b4f      0x7c2 ./Drivers/STM32L5xx_HAL_Driver/Src/stm32l5xx_hal_rcc_ex.o
                                     0x118c5e (size before relaxing)
 .debug_str     0x0000000000122311      0x555 ./Drivers/STM32L5xx_HAL_Driver/Src/stm32l5xx_hal_spi.o
                                     0x11892d (size before relaxing)
 .debug_str     0x0000000000122866      0xe20 ./Drivers/STM32L5xx_HAL_Driver/Src/stm32l5xx_hal_tim.o
                                     0x11943c (size before relaxing)
 .debug_str     0x0000000000123686      0x649 ./Drivers/STM32L5xx_HAL_Driver/Src/stm32l5xx_hal_tim_ex.o
                                     0x118de5 (size before relaxing)
 .debug_str     0x0000000000123ccf      0x9be ./Drivers/STM32L5xx_HAL_Driver/Src/stm32l5xx_hal_uart.o
                                     0x11903f (size before relaxing)
 .debug_str     0x000000000012468d      0x264 ./Drivers/STM32L5xx_HAL_Driver/Src/stm32l5xx_hal_uart_ex.o
                                     0x1187bc (size before relaxing)

.debug_frame    0x0000000000000000     0x438c
 .debug_frame   0x0000000000000000       0x60 ./Core/Src/AD9833.o
 .debug_frame   0x0000000000000060       0x68 ./Core/Src/TPL0102.o
 .debug_frame   0x00000000000000c8      0x304 ./Core/Src/liquidcrystal_i2c.o
 .debug_frame   0x00000000000003cc      0x1b4 ./Core/Src/main.o
 .debug_frame   0x0000000000000580      0x150 ./Core/Src/stm32l5xx_hal_msp.o
 .debug_frame   0x00000000000006d0       0xf0 ./Core/Src/stm32l5xx_it.o
 .debug_frame   0x00000000000007c0       0x30 ./Core/Src/system_stm32l5xx.o
 .debug_frame   0x00000000000007f0      0x27c ./Drivers/STM32L5xx_HAL_Driver/Src/stm32l5xx_hal.o
 .debug_frame   0x0000000000000a6c      0x2d8 ./Drivers/STM32L5xx_HAL_Driver/Src/stm32l5xx_hal_adc.o
 .debug_frame   0x0000000000000d44      0x2d0 ./Drivers/STM32L5xx_HAL_Driver/Src/stm32l5xx_hal_adc_ex.o
 .debug_frame   0x0000000000001014      0x188 ./Drivers/STM32L5xx_HAL_Driver/Src/stm32l5xx_hal_cortex.o
 .debug_frame   0x000000000000119c       0xdc ./Drivers/STM32L5xx_HAL_Driver/Src/stm32l5xx_hal_gpio.o
 .debug_frame   0x0000000000001278      0x980 ./Drivers/STM32L5xx_HAL_Driver/Src/stm32l5xx_hal_i2c.o
 .debug_frame   0x0000000000001bf8       0x80 ./Drivers/STM32L5xx_HAL_Driver/Src/stm32l5xx_hal_i2c_ex.o
 .debug_frame   0x0000000000001c78      0x380 ./Drivers/STM32L5xx_HAL_Driver/Src/stm32l5xx_hal_pwr_ex.o
 .debug_frame   0x0000000000001ff8      0x1e4 ./Drivers/STM32L5xx_HAL_Driver/Src/stm32l5xx_hal_rcc.o
 .debug_frame   0x00000000000021dc      0x2e4 ./Drivers/STM32L5xx_HAL_Driver/Src/stm32l5xx_hal_rcc_ex.o
 .debug_frame   0x00000000000024c0      0x5d8 ./Drivers/STM32L5xx_HAL_Driver/Src/stm32l5xx_hal_spi.o
 .debug_frame   0x0000000000002a98      0xb50 ./Drivers/STM32L5xx_HAL_Driver/Src/stm32l5xx_hal_tim.o
 .debug_frame   0x00000000000035e8      0x4a0 ./Drivers/STM32L5xx_HAL_Driver/Src/stm32l5xx_hal_tim_ex.o
 .debug_frame   0x0000000000003a88      0x67c ./Drivers/STM32L5xx_HAL_Driver/Src/stm32l5xx_hal_uart.o
 .debug_frame   0x0000000000004104      0x1d8 ./Drivers/STM32L5xx_HAL_Driver/Src/stm32l5xx_hal_uart_ex.o
 .debug_frame   0x00000000000042dc       0x20 C:/ST/STM32CubeIDE_1.13.2/STM32CubeIDE/plugins/com.st.stm32cube.ide.mcu.externaltools.gnu-tools-for-stm32.11.3.rel1.win32_1.1.100.202309141235/tools/bin/../lib/gcc/arm-none-eabi/11.3.1/../../../../arm-none-eabi/lib/thumb/v8-m.main+fp/hard\libc_nano.a(libc_a-memset.o)
 .debug_frame   0x00000000000042fc       0x2c C:/ST/STM32CubeIDE_1.13.2/STM32CubeIDE/plugins/com.st.stm32cube.ide.mcu.externaltools.gnu-tools-for-stm32.11.3.rel1.win32_1.1.100.202309141235/tools/bin/../lib/gcc/arm-none-eabi/11.3.1/../../../../arm-none-eabi/lib/thumb/v8-m.main+fp/hard\libc_nano.a(libc_a-init.o)
 .debug_frame   0x0000000000004328       0x2c C:/ST/STM32CubeIDE_1.13.2/STM32CubeIDE/plugins/com.st.stm32cube.ide.mcu.externaltools.gnu-tools-for-stm32.11.3.rel1.win32_1.1.100.202309141235/tools/bin/../lib/gcc/arm-none-eabi/11.3.1/thumb/v8-m.main+fp/hard\libgcc.a(_aeabi_uldivmod.o)
 .debug_frame   0x0000000000004354       0x38 C:/ST/STM32CubeIDE_1.13.2/STM32CubeIDE/plugins/com.st.stm32cube.ide.mcu.externaltools.gnu-tools-for-stm32.11.3.rel1.win32_1.1.100.202309141235/tools/bin/../lib/gcc/arm-none-eabi/11.3.1/thumb/v8-m.main+fp/hard\libgcc.a(_udivmoddi4.o)

.debug_line_str
                0x0000000000000000       0x6d
 .debug_line_str
                0x0000000000000000       0x6d ./Core/Startup/startup_stm32l562cetx.o
                                         0x85 (size before relaxing)
